17:53:42 **** Build of configuration Release for project Thesisv2 ****
make -j12 all 
arm-none-eabi-gcc "C:/Users/Aleksy/STM32Cube/Repository/STM32Cube_FW_F4_V1.27.1/Drivers/STM32F4xx_HAL_Driver/Src/stm32f4xx_hal.c" -mcpu=cortex-m4 -std=gnu11 -DUSE_HAL_DRIVER -DSTM32F411xE -c -I../Core/Inc -IC:/Users/Aleksy/STM32Cube/Repository/STM32Cube_FW_F4_V1.27.1/Drivers/STM32F4xx_HAL_Driver/Inc -IC:/Users/Aleksy/STM32Cube/Repository/STM32Cube_FW_F4_V1.27.1/Drivers/STM32F4xx_HAL_Driver/Inc/Legacy -IC:/Users/Aleksy/STM32Cube/Repository/STM32Cube_FW_F4_V1.27.1/Drivers/CMSIS/Device/ST/STM32F4xx/Include -IC:/Users/Aleksy/STM32Cube/Repository/STM32Cube_FW_F4_V1.27.1/Drivers/CMSIS/Include -Os -ffunction-sections -fdata-sections -Wall -fstack-usage -fcyclomatic-complexity -MMD -MP -MF"Drivers/STM32F4xx_HAL_Driver/stm32f4xx_hal.d" -MT"Drivers/STM32F4xx_HAL_Driver/stm32f4xx_hal.o" --specs=nano.specs -mfpu=fpv4-sp-d16 -mfloat-abi=hard -mthumb -o "Drivers/STM32F4xx_HAL_Driver/stm32f4xx_hal.o"
arm-none-eabi-gcc "C:/Users/Aleksy/STM32Cube/Repository/STM32Cube_FW_F4_V1.27.1/Drivers/STM32F4xx_HAL_Driver/Src/stm32f4xx_hal_adc.c" -mcpu=cortex-m4 -std=gnu11 -DUSE_HAL_DRIVER -DSTM32F411xE -c -I../Core/Inc -IC:/Users/Aleksy/STM32Cube/Repository/STM32Cube_FW_F4_V1.27.1/Drivers/STM32F4xx_HAL_Driver/Inc -IC:/Users/Aleksy/STM32Cube/Repository/STM32Cube_FW_F4_V1.27.1/Drivers/STM32F4xx_HAL_Driver/Inc/Legacy -IC:/Users/Aleksy/STM32Cube/Repository/STM32Cube_FW_F4_V1.27.1/Drivers/CMSIS/Device/ST/STM32F4xx/Include -IC:/Users/Aleksy/STM32Cube/Repository/STM32Cube_FW_F4_V1.27.1/Drivers/CMSIS/Include -Os -ffunction-sections -fdata-sections -Wall -fstack-usage -fcyclomatic-complexity -MMD -MP -MF"Drivers/STM32F4xx_HAL_Driver/stm32f4xx_hal_adc.d" -MT"Drivers/STM32F4xx_HAL_Driver/stm32f4xx_hal_adc.o" --specs=nano.specs -mfpu=fpv4-sp-d16 -mfloat-abi=hard -mthumb -o "Drivers/STM32F4xx_HAL_Driver/stm32f4xx_hal_adc.o"
arm-none-eabi-gcc "C:/Users/Aleksy/STM32Cube/Repository/STM32Cube_FW_F4_V1.27.1/Drivers/STM32F4xx_HAL_Driver/Src/stm32f4xx_hal_adc_ex.c" -mcpu=cortex-m4 -std=gnu11 -DUSE_HAL_DRIVER -DSTM32F411xE -c -I../Core/Inc -IC:/Users/Aleksy/STM32Cube/Repository/STM32Cube_FW_F4_V1.27.1/Drivers/STM32F4xx_HAL_Driver/Inc -IC:/Users/Aleksy/STM32Cube/Repository/STM32Cube_FW_F4_V1.27.1/Drivers/STM32F4xx_HAL_Driver/Inc/Legacy -IC:/Users/Aleksy/STM32Cube/Repository/STM32Cube_FW_F4_V1.27.1/Drivers/CMSIS/Device/ST/STM32F4xx/Include -IC:/Users/Aleksy/STM32Cube/Repository/STM32Cube_FW_F4_V1.27.1/Drivers/CMSIS/Include -Os -ffunction-sections -fdata-sections -Wall -fstack-usage -fcyclomatic-complexity -MMD -MP -MF"Drivers/STM32F4xx_HAL_Driver/stm32f4xx_hal_adc_ex.d" -MT"Drivers/STM32F4xx_HAL_Driver/stm32f4xx_hal_adc_ex.o" --specs=nano.specs -mfpu=fpv4-sp-d16 -mfloat-abi=hard -mthumb -o "Drivers/STM32F4xx_HAL_Driver/stm32f4xx_hal_adc_ex.o"
arm-none-eabi-gcc "C:/Users/Aleksy/STM32Cube/Repository/STM32Cube_FW_F4_V1.27.1/Drivers/STM32F4xx_HAL_Driver/Src/stm32f4xx_hal_cortex.c" -mcpu=cortex-m4 -std=gnu11 -DUSE_HAL_DRIVER -DSTM32F411xE -c -I../Core/Inc -IC:/Users/Aleksy/STM32Cube/Repository/STM32Cube_FW_F4_V1.27.1/Drivers/STM32F4xx_HAL_Driver/Inc -IC:/Users/Aleksy/STM32Cube/Repository/STM32Cube_FW_F4_V1.27.1/Drivers/STM32F4xx_HAL_Driver/Inc/Legacy -IC:/Users/Aleksy/STM32Cube/Repository/STM32Cube_FW_F4_V1.27.1/Drivers/CMSIS/Device/ST/STM32F4xx/Include -IC:/Users/Aleksy/STM32Cube/Repository/STM32Cube_FW_F4_V1.27.1/Drivers/CMSIS/Include -Os -ffunction-sections -fdata-sections -Wall -fstack-usage -fcyclomatic-complexity -MMD -MP -MF"Drivers/STM32F4xx_HAL_Driver/stm32f4xx_hal_cortex.d" -MT"Drivers/STM32F4xx_HAL_Driver/stm32f4xx_hal_cortex.o" --specs=nano.specs -mfpu=fpv4-sp-d16 -mfloat-abi=hard -mthumb -o "Drivers/STM32F4xx_HAL_Driver/stm32f4xx_hal_cortex.o"
arm-none-eabi-gcc "C:/Users/Aleksy/STM32Cube/Repository/STM32Cube_FW_F4_V1.27.1/Drivers/STM32F4xx_HAL_Driver/Src/stm32f4xx_hal_crc.c" -mcpu=cortex-m4 -std=gnu11 -DUSE_HAL_DRIVER -DSTM32F411xE -c -I../Core/Inc -IC:/Users/Aleksy/STM32Cube/Repository/STM32Cube_FW_F4_V1.27.1/Drivers/STM32F4xx_HAL_Driver/Inc -IC:/Users/Aleksy/STM32Cube/Repository/STM32Cube_FW_F4_V1.27.1/Drivers/STM32F4xx_HAL_Driver/Inc/Legacy -IC:/Users/Aleksy/STM32Cube/Repository/STM32Cube_FW_F4_V1.27.1/Drivers/CMSIS/Device/ST/STM32F4xx/Include -IC:/Users/Aleksy/STM32Cube/Repository/STM32Cube_FW_F4_V1.27.1/Drivers/CMSIS/Include -Os -ffunction-sections -fdata-sections -Wall -fstack-usage -fcyclomatic-complexity -MMD -MP -MF"Drivers/STM32F4xx_HAL_Driver/stm32f4xx_hal_crc.d" -MT"Drivers/STM32F4xx_HAL_Driver/stm32f4xx_hal_crc.o" --specs=nano.specs -mfpu=fpv4-sp-d16 -mfloat-abi=hard -mthumb -o "Drivers/STM32F4xx_HAL_Driver/stm32f4xx_hal_crc.o"
arm-none-eabi-gcc "C:/Users/Aleksy/STM32Cube/Repository/STM32Cube_FW_F4_V1.27.1/Drivers/STM32F4xx_HAL_Driver/Src/stm32f4xx_hal_dma.c" -mcpu=cortex-m4 -std=gnu11 -DUSE_HAL_DRIVER -DSTM32F411xE -c -I../Core/Inc -IC:/Users/Aleksy/STM32Cube/Repository/STM32Cube_FW_F4_V1.27.1/Drivers/STM32F4xx_HAL_Driver/Inc -IC:/Users/Aleksy/STM32Cube/Repository/STM32Cube_FW_F4_V1.27.1/Drivers/STM32F4xx_HAL_Driver/Inc/Legacy -IC:/Users/Aleksy/STM32Cube/Repository/STM32Cube_FW_F4_V1.27.1/Drivers/CMSIS/Device/ST/STM32F4xx/Include -IC:/Users/Aleksy/STM32Cube/Repository/STM32Cube_FW_F4_V1.27.1/Drivers/CMSIS/Include -Os -ffunction-sections -fdata-sections -Wall -fstack-usage -fcyclomatic-complexity -MMD -MP -MF"Drivers/STM32F4xx_HAL_Driver/stm32f4xx_hal_dma.d" -MT"Drivers/STM32F4xx_HAL_Driver/stm32f4xx_hal_dma.o" --specs=nano.specs -mfpu=fpv4-sp-d16 -mfloat-abi=hard -mthumb -o "Drivers/STM32F4xx_HAL_Driver/stm32f4xx_hal_dma.o"
arm-none-eabi-gcc "C:/Users/Aleksy/STM32Cube/Repository/STM32Cube_FW_F4_V1.27.1/Drivers/STM32F4xx_HAL_Driver/Src/stm32f4xx_hal_dma_ex.c" -mcpu=cortex-m4 -std=gnu11 -DUSE_HAL_DRIVER -DSTM32F411xE -c -I../Core/Inc -IC:/Users/Aleksy/STM32Cube/Repository/STM32Cube_FW_F4_V1.27.1/Drivers/STM32F4xx_HAL_Driver/Inc -IC:/Users/Aleksy/STM32Cube/Repository/STM32Cube_FW_F4_V1.27.1/Drivers/STM32F4xx_HAL_Driver/Inc/Legacy -IC:/Users/Aleksy/STM32Cube/Repository/STM32Cube_FW_F4_V1.27.1/Drivers/CMSIS/Device/ST/STM32F4xx/Include -IC:/Users/Aleksy/STM32Cube/Repository/STM32Cube_FW_F4_V1.27.1/Drivers/CMSIS/Include -Os -ffunction-sections -fdata-sections -Wall -fstack-usage -fcyclomatic-complexity -MMD -MP -MF"Drivers/STM32F4xx_HAL_Driver/stm32f4xx_hal_dma_ex.d" -MT"Drivers/STM32F4xx_HAL_Driver/stm32f4xx_hal_dma_ex.o" --specs=nano.specs -mfpu=fpv4-sp-d16 -mfloat-abi=hard -mthumb -o "Drivers/STM32F4xx_HAL_Driver/stm32f4xx_hal_dma_ex.o"
arm-none-eabi-gcc "C:/Users/Aleksy/STM32Cube/Repository/STM32Cube_FW_F4_V1.27.1/Drivers/STM32F4xx_HAL_Driver/Src/stm32f4xx_hal_exti.c" -mcpu=cortex-m4 -std=gnu11 -DUSE_HAL_DRIVER -DSTM32F411xE -c -I../Core/Inc -IC:/Users/Aleksy/STM32Cube/Repository/STM32Cube_FW_F4_V1.27.1/Drivers/STM32F4xx_HAL_Driver/Inc -IC:/Users/Aleksy/STM32Cube/Repository/STM32Cube_FW_F4_V1.27.1/Drivers/STM32F4xx_HAL_Driver/Inc/Legacy -IC:/Users/Aleksy/STM32Cube/Repository/STM32Cube_FW_F4_V1.27.1/Drivers/CMSIS/Device/ST/STM32F4xx/Include -IC:/Users/Aleksy/STM32Cube/Repository/STM32Cube_FW_F4_V1.27.1/Drivers/CMSIS/Include -Os -ffunction-sections -fdata-sections -Wall -fstack-usage -fcyclomatic-complexity -MMD -MP -MF"Drivers/STM32F4xx_HAL_Driver/stm32f4xx_hal_exti.d" -MT"Drivers/STM32F4xx_HAL_Driver/stm32f4xx_hal_exti.o" --specs=nano.specs -mfpu=fpv4-sp-d16 -mfloat-abi=hard -mthumb -o "Drivers/STM32F4xx_HAL_Driver/stm32f4xx_hal_exti.o"
arm-none-eabi-gcc "C:/Users/Aleksy/STM32Cube/Repository/STM32Cube_FW_F4_V1.27.1/Drivers/STM32F4xx_HAL_Driver/Src/stm32f4xx_hal_flash.c" -mcpu=cortex-m4 -std=gnu11 -DUSE_HAL_DRIVER -DSTM32F411xE -c -I../Core/Inc -IC:/Users/Aleksy/STM32Cube/Repository/STM32Cube_FW_F4_V1.27.1/Drivers/STM32F4xx_HAL_Driver/Inc -IC:/Users/Aleksy/STM32Cube/Repository/STM32Cube_FW_F4_V1.27.1/Drivers/STM32F4xx_HAL_Driver/Inc/Legacy -IC:/Users/Aleksy/STM32Cube/Repository/STM32Cube_FW_F4_V1.27.1/Drivers/CMSIS/Device/ST/STM32F4xx/Include -IC:/Users/Aleksy/STM32Cube/Repository/STM32Cube_FW_F4_V1.27.1/Drivers/CMSIS/Include -Os -ffunction-sections -fdata-sections -Wall -fstack-usage -fcyclomatic-complexity -MMD -MP -MF"Drivers/STM32F4xx_HAL_Driver/stm32f4xx_hal_flash.d" -MT"Drivers/STM32F4xx_HAL_Driver/stm32f4xx_hal_flash.o" --specs=nano.specs -mfpu=fpv4-sp-d16 -mfloat-abi=hard -mthumb -o "Drivers/STM32F4xx_HAL_Driver/stm32f4xx_hal_flash.o"
arm-none-eabi-gcc "C:/Users/Aleksy/STM32Cube/Repository/STM32Cube_FW_F4_V1.27.1/Drivers/STM32F4xx_HAL_Driver/Src/stm32f4xx_hal_flash_ex.c" -mcpu=cortex-m4 -std=gnu11 -DUSE_HAL_DRIVER -DSTM32F411xE -c -I../Core/Inc -IC:/Users/Aleksy/STM32Cube/Repository/STM32Cube_FW_F4_V1.27.1/Drivers/STM32F4xx_HAL_Driver/Inc -IC:/Users/Aleksy/STM32Cube/Repository/STM32Cube_FW_F4_V1.27.1/Drivers/STM32F4xx_HAL_Driver/Inc/Legacy -IC:/Users/Aleksy/STM32Cube/Repository/STM32Cube_FW_F4_V1.27.1/Drivers/CMSIS/Device/ST/STM32F4xx/Include -IC:/Users/Aleksy/STM32Cube/Repository/STM32Cube_FW_F4_V1.27.1/Drivers/CMSIS/Include -Os -ffunction-sections -fdata-sections -Wall -fstack-usage -fcyclomatic-complexity -MMD -MP -MF"Drivers/STM32F4xx_HAL_Driver/stm32f4xx_hal_flash_ex.d" -MT"Drivers/STM32F4xx_HAL_Driver/stm32f4xx_hal_flash_ex.o" --specs=nano.specs -mfpu=fpv4-sp-d16 -mfloat-abi=hard -mthumb -o "Drivers/STM32F4xx_HAL_Driver/stm32f4xx_hal_flash_ex.o"
arm-none-eabi-gcc "C:/Users/Aleksy/STM32Cube/Repository/STM32Cube_FW_F4_V1.27.1/Drivers/STM32F4xx_HAL_Driver/Src/stm32f4xx_hal_flash_ramfunc.c" -mcpu=cortex-m4 -std=gnu11 -DUSE_HAL_DRIVER -DSTM32F411xE -c -I../Core/Inc -IC:/Users/Aleksy/STM32Cube/Repository/STM32Cube_FW_F4_V1.27.1/Drivers/STM32F4xx_HAL_Driver/Inc -IC:/Users/Aleksy/STM32Cube/Repository/STM32Cube_FW_F4_V1.27.1/Drivers/STM32F4xx_HAL_Driver/Inc/Legacy -IC:/Users/Aleksy/STM32Cube/Repository/STM32Cube_FW_F4_V1.27.1/Drivers/CMSIS/Device/ST/STM32F4xx/Include -IC:/Users/Aleksy/STM32Cube/Repository/STM32Cube_FW_F4_V1.27.1/Drivers/CMSIS/Include -Os -ffunction-sections -fdata-sections -Wall -fstack-usage -fcyclomatic-complexity -MMD -MP -MF"Drivers/STM32F4xx_HAL_Driver/stm32f4xx_hal_flash_ramfunc.d" -MT"Drivers/STM32F4xx_HAL_Driver/stm32f4xx_hal_flash_ramfunc.o" --specs=nano.specs -mfpu=fpv4-sp-d16 -mfloat-abi=hard -mthumb -o "Drivers/STM32F4xx_HAL_Driver/stm32f4xx_hal_flash_ramfunc.o"
arm-none-eabi-gcc "C:/Users/Aleksy/STM32Cube/Repository/STM32Cube_FW_F4_V1.27.1/Drivers/STM32F4xx_HAL_Driver/Src/stm32f4xx_hal_gpio.c" -mcpu=cortex-m4 -std=gnu11 -DUSE_HAL_DRIVER -DSTM32F411xE -c -I../Core/Inc -IC:/Users/Aleksy/STM32Cube/Repository/STM32Cube_FW_F4_V1.27.1/Drivers/STM32F4xx_HAL_Driver/Inc -IC:/Users/Aleksy/STM32Cube/Repository/STM32Cube_FW_F4_V1.27.1/Drivers/STM32F4xx_HAL_Driver/Inc/Legacy -IC:/Users/Aleksy/STM32Cube/Repository/STM32Cube_FW_F4_V1.27.1/Drivers/CMSIS/Device/ST/STM32F4xx/Include -IC:/Users/Aleksy/STM32Cube/Repository/STM32Cube_FW_F4_V1.27.1/Drivers/CMSIS/Include -Os -ffunction-sections -fdata-sections -Wall -fstack-usage -fcyclomatic-complexity -MMD -MP -MF"Drivers/STM32F4xx_HAL_Driver/stm32f4xx_hal_gpio.d" -MT"Drivers/STM32F4xx_HAL_Driver/stm32f4xx_hal_gpio.o" --specs=nano.specs -mfpu=fpv4-sp-d16 -mfloat-abi=hard -mthumb -o "Drivers/STM32F4xx_HAL_Driver/stm32f4xx_hal_gpio.o"
arm-none-eabi-gcc "C:/Users/Aleksy/STM32Cube/Repository/STM32Cube_FW_F4_V1.27.1/Drivers/STM32F4xx_HAL_Driver/Src/stm32f4xx_hal_i2c.c" -mcpu=cortex-m4 -std=gnu11 -DUSE_HAL_DRIVER -DSTM32F411xE -c -I../Core/Inc -IC:/Users/Aleksy/STM32Cube/Repository/STM32Cube_FW_F4_V1.27.1/Drivers/STM32F4xx_HAL_Driver/Inc -IC:/Users/Aleksy/STM32Cube/Repository/STM32Cube_FW_F4_V1.27.1/Drivers/STM32F4xx_HAL_Driver/Inc/Legacy -IC:/Users/Aleksy/STM32Cube/Repository/STM32Cube_FW_F4_V1.27.1/Drivers/CMSIS/Device/ST/STM32F4xx/Include -IC:/Users/Aleksy/STM32Cube/Repository/STM32Cube_FW_F4_V1.27.1/Drivers/CMSIS/Include -Os -ffunction-sections -fdata-sections -Wall -fstack-usage -fcyclomatic-complexity -MMD -MP -MF"Drivers/STM32F4xx_HAL_Driver/stm32f4xx_hal_i2c.d" -MT"Drivers/STM32F4xx_HAL_Driver/stm32f4xx_hal_i2c.o" --specs=nano.specs -mfpu=fpv4-sp-d16 -mfloat-abi=hard -mthumb -o "Drivers/STM32F4xx_HAL_Driver/stm32f4xx_hal_i2c.o"
arm-none-eabi-gcc "C:/Users/Aleksy/STM32Cube/Repository/STM32Cube_FW_F4_V1.27.1/Drivers/STM32F4xx_HAL_Driver/Src/stm32f4xx_hal_i2c_ex.c" -mcpu=cortex-m4 -std=gnu11 -DUSE_HAL_DRIVER -DSTM32F411xE -c -I../Core/Inc -IC:/Users/Aleksy/STM32Cube/Repository/STM32Cube_FW_F4_V1.27.1/Drivers/STM32F4xx_HAL_Driver/Inc -IC:/Users/Aleksy/STM32Cube/Repository/STM32Cube_FW_F4_V1.27.1/Drivers/STM32F4xx_HAL_Driver/Inc/Legacy -IC:/Users/Aleksy/STM32Cube/Repository/STM32Cube_FW_F4_V1.27.1/Drivers/CMSIS/Device/ST/STM32F4xx/Include -IC:/Users/Aleksy/STM32Cube/Repository/STM32Cube_FW_F4_V1.27.1/Drivers/CMSIS/Include -Os -ffunction-sections -fdata-sections -Wall -fstack-usage -fcyclomatic-complexity -MMD -MP -MF"Drivers/STM32F4xx_HAL_Driver/stm32f4xx_hal_i2c_ex.d" -MT"Drivers/STM32F4xx_HAL_Driver/stm32f4xx_hal_i2c_ex.o" --specs=nano.specs -mfpu=fpv4-sp-d16 -mfloat-abi=hard -mthumb -o "Drivers/STM32F4xx_HAL_Driver/stm32f4xx_hal_i2c_ex.o"
arm-none-eabi-gcc "C:/Users/Aleksy/STM32Cube/Repository/STM32Cube_FW_F4_V1.27.1/Drivers/STM32F4xx_HAL_Driver/Src/stm32f4xx_hal_pwr.c" -mcpu=cortex-m4 -std=gnu11 -DUSE_HAL_DRIVER -DSTM32F411xE -c -I../Core/Inc -IC:/Users/Aleksy/STM32Cube/Repository/STM32Cube_FW_F4_V1.27.1/Drivers/STM32F4xx_HAL_Driver/Inc -IC:/Users/Aleksy/STM32Cube/Repository/STM32Cube_FW_F4_V1.27.1/Drivers/STM32F4xx_HAL_Driver/Inc/Legacy -IC:/Users/Aleksy/STM32Cube/Repository/STM32Cube_FW_F4_V1.27.1/Drivers/CMSIS/Device/ST/STM32F4xx/Include -IC:/Users/Aleksy/STM32Cube/Repository/STM32Cube_FW_F4_V1.27.1/Drivers/CMSIS/Include -Os -ffunction-sections -fdata-sections -Wall -fstack-usage -fcyclomatic-complexity -MMD -MP -MF"Drivers/STM32F4xx_HAL_Driver/stm32f4xx_hal_pwr.d" -MT"Drivers/STM32F4xx_HAL_Driver/stm32f4xx_hal_pwr.o" --specs=nano.specs -mfpu=fpv4-sp-d16 -mfloat-abi=hard -mthumb -o "Drivers/STM32F4xx_HAL_Driver/stm32f4xx_hal_pwr.o"
arm-none-eabi-gcc "C:/Users/Aleksy/STM32Cube/Repository/STM32Cube_FW_F4_V1.27.1/Drivers/STM32F4xx_HAL_Driver/Src/stm32f4xx_hal_pwr_ex.c" -mcpu=cortex-m4 -std=gnu11 -DUSE_HAL_DRIVER -DSTM32F411xE -c -I../Core/Inc -IC:/Users/Aleksy/STM32Cube/Repository/STM32Cube_FW_F4_V1.27.1/Drivers/STM32F4xx_HAL_Driver/Inc -IC:/Users/Aleksy/STM32Cube/Repository/STM32Cube_FW_F4_V1.27.1/Drivers/STM32F4xx_HAL_Driver/Inc/Legacy -IC:/Users/Aleksy/STM32Cube/Repository/STM32Cube_FW_F4_V1.27.1/Drivers/CMSIS/Device/ST/STM32F4xx/Include -IC:/Users/Aleksy/STM32Cube/Repository/STM32Cube_FW_F4_V1.27.1/Drivers/CMSIS/Include -Os -ffunction-sections -fdata-sections -Wall -fstack-usage -fcyclomatic-complexity -MMD -MP -MF"Drivers/STM32F4xx_HAL_Driver/stm32f4xx_hal_pwr_ex.d" -MT"Drivers/STM32F4xx_HAL_Driver/stm32f4xx_hal_pwr_ex.o" --specs=nano.specs -mfpu=fpv4-sp-d16 -mfloat-abi=hard -mthumb -o "Drivers/STM32F4xx_HAL_Driver/stm32f4xx_hal_pwr_ex.o"
arm-none-eabi-gcc "C:/Users/Aleksy/STM32Cube/Repository/STM32Cube_FW_F4_V1.27.1/Drivers/STM32F4xx_HAL_Driver/Src/stm32f4xx_hal_rcc.c" -mcpu=cortex-m4 -std=gnu11 -DUSE_HAL_DRIVER -DSTM32F411xE -c -I../Core/Inc -IC:/Users/Aleksy/STM32Cube/Repository/STM32Cube_FW_F4_V1.27.1/Drivers/STM32F4xx_HAL_Driver/Inc -IC:/Users/Aleksy/STM32Cube/Repository/STM32Cube_FW_F4_V1.27.1/Drivers/STM32F4xx_HAL_Driver/Inc/Legacy -IC:/Users/Aleksy/STM32Cube/Repository/STM32Cube_FW_F4_V1.27.1/Drivers/CMSIS/Device/ST/STM32F4xx/Include -IC:/Users/Aleksy/STM32Cube/Repository/STM32Cube_FW_F4_V1.27.1/Drivers/CMSIS/Include -Os -ffunction-sections -fdata-sections -Wall -fstack-usage -fcyclomatic-complexity -MMD -MP -MF"Drivers/STM32F4xx_HAL_Driver/stm32f4xx_hal_rcc.d" -MT"Drivers/STM32F4xx_HAL_Driver/stm32f4xx_hal_rcc.o" --specs=nano.specs -mfpu=fpv4-sp-d16 -mfloat-abi=hard -mthumb -o "Drivers/STM32F4xx_HAL_Driver/stm32f4xx_hal_rcc.o"
arm-none-eabi-gcc "C:/Users/Aleksy/STM32Cube/Repository/STM32Cube_FW_F4_V1.27.1/Drivers/STM32F4xx_HAL_Driver/Src/stm32f4xx_hal_rcc_ex.c" -mcpu=cortex-m4 -std=gnu11 -DUSE_HAL_DRIVER -DSTM32F411xE -c -I../Core/Inc -IC:/Users/Aleksy/STM32Cube/Repository/STM32Cube_FW_F4_V1.27.1/Drivers/STM32F4xx_HAL_Driver/Inc -IC:/Users/Aleksy/STM32Cube/Repository/STM32Cube_FW_F4_V1.27.1/Drivers/STM32F4xx_HAL_Driver/Inc/Legacy -IC:/Users/Aleksy/STM32Cube/Repository/STM32Cube_FW_F4_V1.27.1/Drivers/CMSIS/Device/ST/STM32F4xx/Include -IC:/Users/Aleksy/STM32Cube/Repository/STM32Cube_FW_F4_V1.27.1/Drivers/CMSIS/Include -Os -ffunction-sections -fdata-sections -Wall -fstack-usage -fcyclomatic-complexity -MMD -MP -MF"Drivers/STM32F4xx_HAL_Driver/stm32f4xx_hal_rcc_ex.d" -MT"Drivers/STM32F4xx_HAL_Driver/stm32f4xx_hal_rcc_ex.o" --specs=nano.specs -mfpu=fpv4-sp-d16 -mfloat-abi=hard -mthumb -o "Drivers/STM32F4xx_HAL_Driver/stm32f4xx_hal_rcc_ex.o"
arm-none-eabi-gcc "C:/Users/Aleksy/STM32Cube/Repository/STM32Cube_FW_F4_V1.27.1/Drivers/STM32F4xx_HAL_Driver/Src/stm32f4xx_hal_rtc.c" -mcpu=cortex-m4 -std=gnu11 -DUSE_HAL_DRIVER -DSTM32F411xE -c -I../Core/Inc -IC:/Users/Aleksy/STM32Cube/Repository/STM32Cube_FW_F4_V1.27.1/Drivers/STM32F4xx_HAL_Driver/Inc -IC:/Users/Aleksy/STM32Cube/Repository/STM32Cube_FW_F4_V1.27.1/Drivers/STM32F4xx_HAL_Driver/Inc/Legacy -IC:/Users/Aleksy/STM32Cube/Repository/STM32Cube_FW_F4_V1.27.1/Drivers/CMSIS/Device/ST/STM32F4xx/Include -IC:/Users/Aleksy/STM32Cube/Repository/STM32Cube_FW_F4_V1.27.1/Drivers/CMSIS/Include -Os -ffunction-sections -fdata-sections -Wall -fstack-usage -fcyclomatic-complexity -MMD -MP -MF"Drivers/STM32F4xx_HAL_Driver/stm32f4xx_hal_rtc.d" -MT"Drivers/STM32F4xx_HAL_Driver/stm32f4xx_hal_rtc.o" --specs=nano.specs -mfpu=fpv4-sp-d16 -mfloat-abi=hard -mthumb -o "Drivers/STM32F4xx_HAL_Driver/stm32f4xx_hal_rtc.o"
arm-none-eabi-gcc "C:/Users/Aleksy/STM32Cube/Repository/STM32Cube_FW_F4_V1.27.1/Drivers/STM32F4xx_HAL_Driver/Src/stm32f4xx_hal_rtc_ex.c" -mcpu=cortex-m4 -std=gnu11 -DUSE_HAL_DRIVER -DSTM32F411xE -c -I../Core/Inc -IC:/Users/Aleksy/STM32Cube/Repository/STM32Cube_FW_F4_V1.27.1/Drivers/STM32F4xx_HAL_Driver/Inc -IC:/Users/Aleksy/STM32Cube/Repository/STM32Cube_FW_F4_V1.27.1/Drivers/STM32F4xx_HAL_Driver/Inc/Legacy -IC:/Users/Aleksy/STM32Cube/Repository/STM32Cube_FW_F4_V1.27.1/Drivers/CMSIS/Device/ST/STM32F4xx/Include -IC:/Users/Aleksy/STM32Cube/Repository/STM32Cube_FW_F4_V1.27.1/Drivers/CMSIS/Include -Os -ffunction-sections -fdata-sections -Wall -fstack-usage -fcyclomatic-complexity -MMD -MP -MF"Drivers/STM32F4xx_HAL_Driver/stm32f4xx_hal_rtc_ex.d" -MT"Drivers/STM32F4xx_HAL_Driver/stm32f4xx_hal_rtc_ex.o" --specs=nano.specs -mfpu=fpv4-sp-d16 -mfloat-abi=hard -mthumb -o "Drivers/STM32F4xx_HAL_Driver/stm32f4xx_hal_rtc_ex.o"
arm-none-eabi-gcc "C:/Users/Aleksy/STM32Cube/Repository/STM32Cube_FW_F4_V1.27.1/Drivers/STM32F4xx_HAL_Driver/Src/stm32f4xx_hal_tim.c" -mcpu=cortex-m4 -std=gnu11 -DUSE_HAL_DRIVER -DSTM32F411xE -c -I../Core/Inc -IC:/Users/Aleksy/STM32Cube/Repository/STM32Cube_FW_F4_V1.27.1/Drivers/STM32F4xx_HAL_Driver/Inc -IC:/Users/Aleksy/STM32Cube/Repository/STM32Cube_FW_F4_V1.27.1/Drivers/STM32F4xx_HAL_Driver/Inc/Legacy -IC:/Users/Aleksy/STM32Cube/Repository/STM32Cube_FW_F4_V1.27.1/Drivers/CMSIS/Device/ST/STM32F4xx/Include -IC:/Users/Aleksy/STM32Cube/Repository/STM32Cube_FW_F4_V1.27.1/Drivers/CMSIS/Include -Os -ffunction-sections -fdata-sections -Wall -fstack-usage -fcyclomatic-complexity -MMD -MP -MF"Drivers/STM32F4xx_HAL_Driver/stm32f4xx_hal_tim.d" -MT"Drivers/STM32F4xx_HAL_Driver/stm32f4xx_hal_tim.o" --specs=nano.specs -mfpu=fpv4-sp-d16 -mfloat-abi=hard -mthumb -o "Drivers/STM32F4xx_HAL_Driver/stm32f4xx_hal_tim.o"
arm-none-eabi-gcc "C:/Users/Aleksy/STM32Cube/Repository/STM32Cube_FW_F4_V1.27.1/Drivers/STM32F4xx_HAL_Driver/Src/stm32f4xx_hal_tim_ex.c" -mcpu=cortex-m4 -std=gnu11 -DUSE_HAL_DRIVER -DSTM32F411xE -c -I../Core/Inc -IC:/Users/Aleksy/STM32Cube/Repository/STM32Cube_FW_F4_V1.27.1/Drivers/STM32F4xx_HAL_Driver/Inc -IC:/Users/Aleksy/STM32Cube/Repository/STM32Cube_FW_F4_V1.27.1/Drivers/STM32F4xx_HAL_Driver/Inc/Legacy -IC:/Users/Aleksy/STM32Cube/Repository/STM32Cube_FW_F4_V1.27.1/Drivers/CMSIS/Device/ST/STM32F4xx/Include -IC:/Users/Aleksy/STM32Cube/Repository/STM32Cube_FW_F4_V1.27.1/Drivers/CMSIS/Include -Os -ffunction-sections -fdata-sections -Wall -fstack-usage -fcyclomatic-complexity -MMD -MP -MF"Drivers/STM32F4xx_HAL_Driver/stm32f4xx_hal_tim_ex.d" -MT"Drivers/STM32F4xx_HAL_Driver/stm32f4xx_hal_tim_ex.o" --specs=nano.specs -mfpu=fpv4-sp-d16 -mfloat-abi=hard -mthumb -o "Drivers/STM32F4xx_HAL_Driver/stm32f4xx_hal_tim_ex.o"
arm-none-eabi-gcc "C:/Users/Aleksy/STM32Cube/Repository/STM32Cube_FW_F4_V1.27.1/Drivers/STM32F4xx_HAL_Driver/Src/stm32f4xx_hal_uart.c" -mcpu=cortex-m4 -std=gnu11 -DUSE_HAL_DRIVER -DSTM32F411xE -c -I../Core/Inc -IC:/Users/Aleksy/STM32Cube/Repository/STM32Cube_FW_F4_V1.27.1/Drivers/STM32F4xx_HAL_Driver/Inc -IC:/Users/Aleksy/STM32Cube/Repository/STM32Cube_FW_F4_V1.27.1/Drivers/STM32F4xx_HAL_Driver/Inc/Legacy -IC:/Users/Aleksy/STM32Cube/Repository/STM32Cube_FW_F4_V1.27.1/Drivers/CMSIS/Device/ST/STM32F4xx/Include -IC:/Users/Aleksy/STM32Cube/Repository/STM32Cube_FW_F4_V1.27.1/Drivers/CMSIS/Include -Os -ffunction-sections -fdata-sections -Wall -fstack-usage -fcyclomatic-complexity -MMD -MP -MF"Drivers/STM32F4xx_HAL_Driver/stm32f4xx_hal_uart.d" -MT"Drivers/STM32F4xx_HAL_Driver/stm32f4xx_hal_uart.o" --specs=nano.specs -mfpu=fpv4-sp-d16 -mfloat-abi=hard -mthumb -o "Drivers/STM32F4xx_HAL_Driver/stm32f4xx_hal_uart.o"
arm-none-eabi-gcc "C:/Users/Aleksy/STM32Cube/Repository/STM32Cube_FW_F4_V1.27.1/Drivers/STM32F4xx_HAL_Driver/Src/stm32f4xx_ll_adc.c" -mcpu=cortex-m4 -std=gnu11 -DUSE_HAL_DRIVER -DSTM32F411xE -c -I../Core/Inc -IC:/Users/Aleksy/STM32Cube/Repository/STM32Cube_FW_F4_V1.27.1/Drivers/STM32F4xx_HAL_Driver/Inc -IC:/Users/Aleksy/STM32Cube/Repository/STM32Cube_FW_F4_V1.27.1/Drivers/STM32F4xx_HAL_Driver/Inc/Legacy -IC:/Users/Aleksy/STM32Cube/Repository/STM32Cube_FW_F4_V1.27.1/Drivers/CMSIS/Device/ST/STM32F4xx/Include -IC:/Users/Aleksy/STM32Cube/Repository/STM32Cube_FW_F4_V1.27.1/Drivers/CMSIS/Include -Os -ffunction-sections -fdata-sections -Wall -fstack-usage -fcyclomatic-complexity -MMD -MP -MF"Drivers/STM32F4xx_HAL_Driver/stm32f4xx_ll_adc.d" -MT"Drivers/STM32F4xx_HAL_Driver/stm32f4xx_ll_adc.o" --specs=nano.specs -mfpu=fpv4-sp-d16 -mfloat-abi=hard -mthumb -o "Drivers/STM32F4xx_HAL_Driver/stm32f4xx_ll_adc.o"
arm-none-eabi-gcc -mcpu=cortex-m4 -c -x assembler-with-cpp -MMD -MP -MF"Core/Startup/startup_stm32f411retx.d" -MT"Core/Startup/startup_stm32f411retx.o" --specs=nano.specs -mfpu=fpv4-sp-d16 -mfloat-abi=hard -mthumb -o "Core/Startup/startup_stm32f411retx.o" "../Core/Startup/startup_stm32f411retx.s"
arm-none-eabi-gcc "../Core/Src/accelerometre.c" -mcpu=cortex-m4 -std=gnu11 -DUSE_HAL_DRIVER -DSTM32F411xE -c -I../Core/Inc -IC:/Users/Aleksy/STM32Cube/Repository/STM32Cube_FW_F4_V1.27.1/Drivers/STM32F4xx_HAL_Driver/Inc -IC:/Users/Aleksy/STM32Cube/Repository/STM32Cube_FW_F4_V1.27.1/Drivers/STM32F4xx_HAL_Driver/Inc/Legacy -IC:/Users/Aleksy/STM32Cube/Repository/STM32Cube_FW_F4_V1.27.1/Drivers/CMSIS/Device/ST/STM32F4xx/Include -IC:/Users/Aleksy/STM32Cube/Repository/STM32Cube_FW_F4_V1.27.1/Drivers/CMSIS/Include -Os -ffunction-sections -fdata-sections -Wall -fstack-usage -fcyclomatic-complexity -MMD -MP -MF"Core/Src/accelerometre.d" -MT"Core/Src/accelerometre.o" --specs=nano.specs -mfpu=fpv4-sp-d16 -mfloat-abi=hard -mthumb -o "Core/Src/accelerometre.o"
arm-none-eabi-gcc "../Core/Src/adc.c" -mcpu=cortex-m4 -std=gnu11 -DUSE_HAL_DRIVER -DSTM32F411xE -c -I../Core/Inc -IC:/Users/Aleksy/STM32Cube/Repository/STM32Cube_FW_F4_V1.27.1/Drivers/STM32F4xx_HAL_Driver/Inc -IC:/Users/Aleksy/STM32Cube/Repository/STM32Cube_FW_F4_V1.27.1/Drivers/STM32F4xx_HAL_Driver/Inc/Legacy -IC:/Users/Aleksy/STM32Cube/Repository/STM32Cube_FW_F4_V1.27.1/Drivers/CMSIS/Device/ST/STM32F4xx/Include -IC:/Users/Aleksy/STM32Cube/Repository/STM32Cube_FW_F4_V1.27.1/Drivers/CMSIS/Include -Os -ffunction-sections -fdata-sections -Wall -fstack-usage -fcyclomatic-complexity -MMD -MP -MF"Core/Src/adc.d" -MT"Core/Src/adc.o" --specs=nano.specs -mfpu=fpv4-sp-d16 -mfloat-abi=hard -mthumb -o "Core/Src/adc.o"
arm-none-eabi-gcc "../Core/Src/bluetooth_module.c" -mcpu=cortex-m4 -std=gnu11 -DUSE_HAL_DRIVER -DSTM32F411xE -c -I../Core/Inc -IC:/Users/Aleksy/STM32Cube/Repository/STM32Cube_FW_F4_V1.27.1/Drivers/STM32F4xx_HAL_Driver/Inc -IC:/Users/Aleksy/STM32Cube/Repository/STM32Cube_FW_F4_V1.27.1/Drivers/STM32F4xx_HAL_Driver/Inc/Legacy -IC:/Users/Aleksy/STM32Cube/Repository/STM32Cube_FW_F4_V1.27.1/Drivers/CMSIS/Device/ST/STM32F4xx/Include -IC:/Users/Aleksy/STM32Cube/Repository/STM32Cube_FW_F4_V1.27.1/Drivers/CMSIS/Include -Os -ffunction-sections -fdata-sections -Wall -fstack-usage -fcyclomatic-complexity -MMD -MP -MF"Core/Src/bluetooth_module.d" -MT"Core/Src/bluetooth_module.o" --specs=nano.specs -mfpu=fpv4-sp-d16 -mfloat-abi=hard -mthumb -o "Core/Src/bluetooth_module.o"
arm-none-eabi-gcc "../Core/Src/crc.c" -mcpu=cortex-m4 -std=gnu11 -DUSE_HAL_DRIVER -DSTM32F411xE -c -I../Core/Inc -IC:/Users/Aleksy/STM32Cube/Repository/STM32Cube_FW_F4_V1.27.1/Drivers/STM32F4xx_HAL_Driver/Inc -IC:/Users/Aleksy/STM32Cube/Repository/STM32Cube_FW_F4_V1.27.1/Drivers/STM32F4xx_HAL_Driver/Inc/Legacy -IC:/Users/Aleksy/STM32Cube/Repository/STM32Cube_FW_F4_V1.27.1/Drivers/CMSIS/Device/ST/STM32F4xx/Include -IC:/Users/Aleksy/STM32Cube/Repository/STM32Cube_FW_F4_V1.27.1/Drivers/CMSIS/Include -Os -ffunction-sections -fdata-sections -Wall -fstack-usage -fcyclomatic-complexity -MMD -MP -MF"Core/Src/crc.d" -MT"Core/Src/crc.o" --specs=nano.specs -mfpu=fpv4-sp-d16 -mfloat-abi=hard -mthumb -o "Core/Src/crc.o"
arm-none-eabi-gcc "../Core/Src/dma.c" -mcpu=cortex-m4 -std=gnu11 -DUSE_HAL_DRIVER -DSTM32F411xE -c -I../Core/Inc -IC:/Users/Aleksy/STM32Cube/Repository/STM32Cube_FW_F4_V1.27.1/Drivers/STM32F4xx_HAL_Driver/Inc -IC:/Users/Aleksy/STM32Cube/Repository/STM32Cube_FW_F4_V1.27.1/Drivers/STM32F4xx_HAL_Driver/Inc/Legacy -IC:/Users/Aleksy/STM32Cube/Repository/STM32Cube_FW_F4_V1.27.1/Drivers/CMSIS/Device/ST/STM32F4xx/Include -IC:/Users/Aleksy/STM32Cube/Repository/STM32Cube_FW_F4_V1.27.1/Drivers/CMSIS/Include -Os -ffunction-sections -fdata-sections -Wall -fstack-usage -fcyclomatic-complexity -MMD -MP -MF"Core/Src/dma.d" -MT"Core/Src/dma.o" --specs=nano.specs -mfpu=fpv4-sp-d16 -mfloat-abi=hard -mthumb -o "Core/Src/dma.o"
arm-none-eabi-gcc "../Core/Src/dma_uart.c" -mcpu=cortex-m4 -std=gnu11 -DUSE_HAL_DRIVER -DSTM32F411xE -c -I../Core/Inc -IC:/Users/Aleksy/STM32Cube/Repository/STM32Cube_FW_F4_V1.27.1/Drivers/STM32F4xx_HAL_Driver/Inc -IC:/Users/Aleksy/STM32Cube/Repository/STM32Cube_FW_F4_V1.27.1/Drivers/STM32F4xx_HAL_Driver/Inc/Legacy -IC:/Users/Aleksy/STM32Cube/Repository/STM32Cube_FW_F4_V1.27.1/Drivers/CMSIS/Device/ST/STM32F4xx/Include -IC:/Users/Aleksy/STM32Cube/Repository/STM32Cube_FW_F4_V1.27.1/Drivers/CMSIS/Include -Os -ffunction-sections -fdata-sections -Wall -fstack-usage -fcyclomatic-complexity -MMD -MP -MF"Core/Src/dma_uart.d" -MT"Core/Src/dma_uart.o" --specs=nano.specs -mfpu=fpv4-sp-d16 -mfloat-abi=hard -mthumb -o "Core/Src/dma_uart.o"
arm-none-eabi-gcc "../Core/Src/gpio.c" -mcpu=cortex-m4 -std=gnu11 -DUSE_HAL_DRIVER -DSTM32F411xE -c -I../Core/Inc -IC:/Users/Aleksy/STM32Cube/Repository/STM32Cube_FW_F4_V1.27.1/Drivers/STM32F4xx_HAL_Driver/Inc -IC:/Users/Aleksy/STM32Cube/Repository/STM32Cube_FW_F4_V1.27.1/Drivers/STM32F4xx_HAL_Driver/Inc/Legacy -IC:/Users/Aleksy/STM32Cube/Repository/STM32Cube_FW_F4_V1.27.1/Drivers/CMSIS/Device/ST/STM32F4xx/Include -IC:/Users/Aleksy/STM32Cube/Repository/STM32Cube_FW_F4_V1.27.1/Drivers/CMSIS/Include -Os -ffunction-sections -fdata-sections -Wall -fstack-usage -fcyclomatic-complexity -MMD -MP -MF"Core/Src/gpio.d" -MT"Core/Src/gpio.o" --specs=nano.specs -mfpu=fpv4-sp-d16 -mfloat-abi=hard -mthumb -o "Core/Src/gpio.o"
arm-none-eabi-gcc "../Core/Src/i2c.c" -mcpu=cortex-m4 -std=gnu11 -DUSE_HAL_DRIVER -DSTM32F411xE -c -I../Core/Inc -IC:/Users/Aleksy/STM32Cube/Repository/STM32Cube_FW_F4_V1.27.1/Drivers/STM32F4xx_HAL_Driver/Inc -IC:/Users/Aleksy/STM32Cube/Repository/STM32Cube_FW_F4_V1.27.1/Drivers/STM32F4xx_HAL_Driver/Inc/Legacy -IC:/Users/Aleksy/STM32Cube/Repository/STM32Cube_FW_F4_V1.27.1/Drivers/CMSIS/Device/ST/STM32F4xx/Include -IC:/Users/Aleksy/STM32Cube/Repository/STM32Cube_FW_F4_V1.27.1/Drivers/CMSIS/Include -Os -ffunction-sections -fdata-sections -Wall -fstack-usage -fcyclomatic-complexity -MMD -MP -MF"Core/Src/i2c.d" -MT"Core/Src/i2c.o" --specs=nano.specs -mfpu=fpv4-sp-d16 -mfloat-abi=hard -mthumb -o "Core/Src/i2c.o"
arm-none-eabi-gcc "../Core/Src/kalman.c" -mcpu=cortex-m4 -std=gnu11 -DUSE_HAL_DRIVER -DSTM32F411xE -c -I../Core/Inc -IC:/Users/Aleksy/STM32Cube/Repository/STM32Cube_FW_F4_V1.27.1/Drivers/STM32F4xx_HAL_Driver/Inc -IC:/Users/Aleksy/STM32Cube/Repository/STM32Cube_FW_F4_V1.27.1/Drivers/STM32F4xx_HAL_Driver/Inc/Legacy -IC:/Users/Aleksy/STM32Cube/Repository/STM32Cube_FW_F4_V1.27.1/Drivers/CMSIS/Device/ST/STM32F4xx/Include -IC:/Users/Aleksy/STM32Cube/Repository/STM32Cube_FW_F4_V1.27.1/Drivers/CMSIS/Include -Os -ffunction-sections -fdata-sections -Wall -fstack-usage -fcyclomatic-complexity -MMD -MP -MF"Core/Src/kalman.d" -MT"Core/Src/kalman.o" --specs=nano.specs -mfpu=fpv4-sp-d16 -mfloat-abi=hard -mthumb -o "Core/Src/kalman.o"
arm-none-eabi-gcc "../Core/Src/main.c" -mcpu=cortex-m4 -std=gnu11 -DUSE_HAL_DRIVER -DSTM32F411xE -c -I../Core/Inc -IC:/Users/Aleksy/STM32Cube/Repository/STM32Cube_FW_F4_V1.27.1/Drivers/STM32F4xx_HAL_Driver/Inc -IC:/Users/Aleksy/STM32Cube/Repository/STM32Cube_FW_F4_V1.27.1/Drivers/STM32F4xx_HAL_Driver/Inc/Legacy -IC:/Users/Aleksy/STM32Cube/Repository/STM32Cube_FW_F4_V1.27.1/Drivers/CMSIS/Device/ST/STM32F4xx/Include -IC:/Users/Aleksy/STM32Cube/Repository/STM32Cube_FW_F4_V1.27.1/Drivers/CMSIS/Include -Os -ffunction-sections -fdata-sections -Wall -fstack-usage -fcyclomatic-complexity -MMD -MP -MF"Core/Src/main.d" -MT"Core/Src/main.o" --specs=nano.specs -mfpu=fpv4-sp-d16 -mfloat-abi=hard -mthumb -o "Core/Src/main.o"
arm-none-eabi-gcc "../Core/Src/rtc.c" -mcpu=cortex-m4 -std=gnu11 -DUSE_HAL_DRIVER -DSTM32F411xE -c -I../Core/Inc -IC:/Users/Aleksy/STM32Cube/Repository/STM32Cube_FW_F4_V1.27.1/Drivers/STM32F4xx_HAL_Driver/Inc -IC:/Users/Aleksy/STM32Cube/Repository/STM32Cube_FW_F4_V1.27.1/Drivers/STM32F4xx_HAL_Driver/Inc/Legacy -IC:/Users/Aleksy/STM32Cube/Repository/STM32Cube_FW_F4_V1.27.1/Drivers/CMSIS/Device/ST/STM32F4xx/Include -IC:/Users/Aleksy/STM32Cube/Repository/STM32Cube_FW_F4_V1.27.1/Drivers/CMSIS/Include -Os -ffunction-sections -fdata-sections -Wall -fstack-usage -fcyclomatic-complexity -MMD -MP -MF"Core/Src/rtc.d" -MT"Core/Src/rtc.o" --specs=nano.specs -mfpu=fpv4-sp-d16 -mfloat-abi=hard -mthumb -o "Core/Src/rtc.o"
arm-none-eabi-gcc "../Core/Src/stm32f4xx_hal_msp.c" -mcpu=cortex-m4 -std=gnu11 -DUSE_HAL_DRIVER -DSTM32F411xE -c -I../Core/Inc -IC:/Users/Aleksy/STM32Cube/Repository/STM32Cube_FW_F4_V1.27.1/Drivers/STM32F4xx_HAL_Driver/Inc -IC:/Users/Aleksy/STM32Cube/Repository/STM32Cube_FW_F4_V1.27.1/Drivers/STM32F4xx_HAL_Driver/Inc/Legacy -IC:/Users/Aleksy/STM32Cube/Repository/STM32Cube_FW_F4_V1.27.1/Drivers/CMSIS/Device/ST/STM32F4xx/Include -IC:/Users/Aleksy/STM32Cube/Repository/STM32Cube_FW_F4_V1.27.1/Drivers/CMSIS/Include -Os -ffunction-sections -fdata-sections -Wall -fstack-usage -fcyclomatic-complexity -MMD -MP -MF"Core/Src/stm32f4xx_hal_msp.d" -MT"Core/Src/stm32f4xx_hal_msp.o" --specs=nano.specs -mfpu=fpv4-sp-d16 -mfloat-abi=hard -mthumb -o "Core/Src/stm32f4xx_hal_msp.o"
arm-none-eabi-gcc "../Core/Src/stm32f4xx_it.c" -mcpu=cortex-m4 -std=gnu11 -DUSE_HAL_DRIVER -DSTM32F411xE -c -I../Core/Inc -IC:/Users/Aleksy/STM32Cube/Repository/STM32Cube_FW_F4_V1.27.1/Drivers/STM32F4xx_HAL_Driver/Inc -IC:/Users/Aleksy/STM32Cube/Repository/STM32Cube_FW_F4_V1.27.1/Drivers/STM32F4xx_HAL_Driver/Inc/Legacy -IC:/Users/Aleksy/STM32Cube/Repository/STM32Cube_FW_F4_V1.27.1/Drivers/CMSIS/Device/ST/STM32F4xx/Include -IC:/Users/Aleksy/STM32Cube/Repository/STM32Cube_FW_F4_V1.27.1/Drivers/CMSIS/Include -Os -ffunction-sections -fdata-sections -Wall -fstack-usage -fcyclomatic-complexity -MMD -MP -MF"Core/Src/stm32f4xx_it.d" -MT"Core/Src/stm32f4xx_it.o" --specs=nano.specs -mfpu=fpv4-sp-d16 -mfloat-abi=hard -mthumb -o "Core/Src/stm32f4xx_it.o"
arm-none-eabi-gcc "../Core/Src/syscalls.c" -mcpu=cortex-m4 -std=gnu11 -DUSE_HAL_DRIVER -DSTM32F411xE -c -I../Core/Inc -IC:/Users/Aleksy/STM32Cube/Repository/STM32Cube_FW_F4_V1.27.1/Drivers/STM32F4xx_HAL_Driver/Inc -IC:/Users/Aleksy/STM32Cube/Repository/STM32Cube_FW_F4_V1.27.1/Drivers/STM32F4xx_HAL_Driver/Inc/Legacy -IC:/Users/Aleksy/STM32Cube/Repository/STM32Cube_FW_F4_V1.27.1/Drivers/CMSIS/Device/ST/STM32F4xx/Include -IC:/Users/Aleksy/STM32Cube/Repository/STM32Cube_FW_F4_V1.27.1/Drivers/CMSIS/Include -Os -ffunction-sections -fdata-sections -Wall -fstack-usage -fcyclomatic-complexity -MMD -MP -MF"Core/Src/syscalls.d" -MT"Core/Src/syscalls.o" --specs=nano.specs -mfpu=fpv4-sp-d16 -mfloat-abi=hard -mthumb -o "Core/Src/syscalls.o"
arm-none-eabi-gcc "../Core/Src/sysmem.c" -mcpu=cortex-m4 -std=gnu11 -DUSE_HAL_DRIVER -DSTM32F411xE -c -I../Core/Inc -IC:/Users/Aleksy/STM32Cube/Repository/STM32Cube_FW_F4_V1.27.1/Drivers/STM32F4xx_HAL_Driver/Inc -IC:/Users/Aleksy/STM32Cube/Repository/STM32Cube_FW_F4_V1.27.1/Drivers/STM32F4xx_HAL_Driver/Inc/Legacy -IC:/Users/Aleksy/STM32Cube/Repository/STM32Cube_FW_F4_V1.27.1/Drivers/CMSIS/Device/ST/STM32F4xx/Include -IC:/Users/Aleksy/STM32Cube/Repository/STM32Cube_FW_F4_V1.27.1/Drivers/CMSIS/Include -Os -ffunction-sections -fdata-sections -Wall -fstack-usage -fcyclomatic-complexity -MMD -MP -MF"Core/Src/sysmem.d" -MT"Core/Src/sysmem.o" --specs=nano.specs -mfpu=fpv4-sp-d16 -mfloat-abi=hard -mthumb -o "Core/Src/sysmem.o"
arm-none-eabi-gcc "../Core/Src/system_stm32f4xx.c" -mcpu=cortex-m4 -std=gnu11 -DUSE_HAL_DRIVER -DSTM32F411xE -c -I../Core/Inc -IC:/Users/Aleksy/STM32Cube/Repository/STM32Cube_FW_F4_V1.27.1/Drivers/STM32F4xx_HAL_Driver/Inc -IC:/Users/Aleksy/STM32Cube/Repository/STM32Cube_FW_F4_V1.27.1/Drivers/STM32F4xx_HAL_Driver/Inc/Legacy -IC:/Users/Aleksy/STM32Cube/Repository/STM32Cube_FW_F4_V1.27.1/Drivers/CMSIS/Device/ST/STM32F4xx/Include -IC:/Users/Aleksy/STM32Cube/Repository/STM32Cube_FW_F4_V1.27.1/Drivers/CMSIS/Include -Os -ffunction-sections -fdata-sections -Wall -fstack-usage -fcyclomatic-complexity -MMD -MP -MF"Core/Src/system_stm32f4xx.d" -MT"Core/Src/system_stm32f4xx.o" --specs=nano.specs -mfpu=fpv4-sp-d16 -mfloat-abi=hard -mthumb -o "Core/Src/system_stm32f4xx.o"
../Core/Src/main.c: In function 'main':
../Core/Src/main.c:119:34: warning: passing argument 2 of 'HAL_UART_Receive_DMA' discards 'volatile' qualifier from pointer target type [-Wdiscarded-qualifiers]
  119 |    HAL_UART_Receive_DMA(&huart1, bluetooth_RX1_buffer, BUFF_LEN);
      |                                  ^~~~~~~~~~~~~~~~~~~~
In file included from ../Core/Inc/stm32f4xx_hal_conf.h:411,
                 from C:/Users/Aleksy/STM32Cube/Repository/STM32Cube_FW_F4_V1.27.1/Drivers/STM32F4xx_HAL_Driver/Inc/stm32f4xx_hal.h:29,
                 from ../Core/Inc/main.h:30,
                 from ../Core/Src/main.c:20:
C:/Users/Aleksy/STM32Cube/Repository/STM32Cube_FW_F4_V1.27.1/Drivers/STM32F4xx_HAL_Driver/Inc/stm32f4xx_hal_uart.h:727:76: note: expected 'uint8_t *' {aka 'unsigned char *'} but argument is of type 'volatile char *'
  727 | HAL_StatusTypeDef HAL_UART_Receive_DMA(UART_HandleTypeDef *huart, uint8_t *pData, uint16_t Size);
      |                                                                   ~~~~~~~~~^~~~~
../Core/Src/bluetooth_module.c: In function 'check_Bluetooth':
../Core/Src/bluetooth_module.c:51:9: warning: passing argument 1 of 'memset' discards 'volatile' qualifier from pointer target type [-Wdiscarded-qualifiers]
   51 |  memset(bluetooth_TX_buffer,0, BUFF_LEN);
      |         ^~~~~~~~~~~~~~~~~~~
In file included from ../Core/Src/bluetooth_module.c:4:
c:\st\stm32cubeide_1.12.1\stm32cubeide\plugins\com.st.stm32cube.ide.mcu.externaltools.gnu-tools-for-stm32.10.3-2021.10.win32_1.0.200.202301161003\tools\arm-none-eabi\include\string.h:33:17: note: expected 'void *' but argument is of type 'volatile char *'
   33 | void *  memset (void *, int, size_t);
      |                 ^~~~~~
../Core/Src/bluetooth_module.c:55:10: warning: passing argument 1 of 'sprintf' discards 'volatile' qualifier from pointer target type [-Wdiscarded-qualifiers]
   55 |  sprintf(bluetooth_TX_buffer, "%s", result_command);
      |          ^~~~~~~~~~~~~~~~~~~
In file included from ../Core/Src/bluetooth_module.c:5:
c:\st\stm32cubeide_1.12.1\stm32cubeide\plugins\com.st.stm32cube.ide.mcu.externaltools.gnu-tools-for-stm32.10.3-2021.10.win32_1.0.200.202301161003\tools\arm-none-eabi\include\stdio.h:244:14: note: expected 'char * restrict' but argument is of type 'volatile char *'
  244 | int sprintf (char *__restrict, const char *__restrict, ...)
      |              ^
../Core/Src/bluetooth_module.c:69:10: warning: passing argument 1 of 'memset' discards 'volatile' qualifier from pointer target type [-Wdiscarded-qualifiers]
   69 |   memset(bluetooth_TX_buffer,0, BUFF_LEN);
      |          ^~~~~~~~~~~~~~~~~~~
In file included from ../Core/Src/bluetooth_module.c:4:
c:\st\stm32cubeide_1.12.1\stm32cubeide\plugins\com.st.stm32cube.ide.mcu.externaltools.gnu-tools-for-stm32.10.3-2021.10.win32_1.0.200.202301161003\tools\arm-none-eabi\include\string.h:33:17: note: expected 'void *' but argument is of type 'volatile char *'
   33 | void *  memset (void *, int, size_t);
      |                 ^~~~~~
../Core/Src/bluetooth_module.c: In function 'check_bluetooth_Name':
../Core/Src/bluetooth_module.c:83:9: warning: passing argument 1 of 'memset' discards 'volatile' qualifier from pointer target type [-Wdiscarded-qualifiers]
   83 |  memset(bluetooth_TX_buffer,0, BUFF_LEN);
      |         ^~~~~~~~~~~~~~~~~~~
In file included from ../Core/Src/bluetooth_module.c:4:
c:\st\stm32cubeide_1.12.1\stm32cubeide\plugins\com.st.stm32cube.ide.mcu.externaltools.gnu-tools-for-stm32.10.3-2021.10.win32_1.0.200.202301161003\tools\arm-none-eabi\include\string.h:33:17: note: expected 'void *' but argument is of type 'volatile char *'
   33 | void *  memset (void *, int, size_t);
      |                 ^~~~~~
../Core/Src/bluetooth_module.c:87:10: warning: passing argument 1 of 'sprintf' discards 'volatile' qualifier from pointer target type [-Wdiscarded-qualifiers]
   87 |  sprintf(bluetooth_TX_buffer, "%s", result_command);
      |          ^~~~~~~~~~~~~~~~~~~
In file included from ../Core/Src/bluetooth_module.c:5:
c:\st\stm32cubeide_1.12.1\stm32cubeide\plugins\com.st.stm32cube.ide.mcu.externaltools.gnu-tools-for-stm32.10.3-2021.10.win32_1.0.200.202301161003\tools\arm-none-eabi\include\stdio.h:244:14: note: expected 'char * restrict' but argument is of type 'volatile char *'
  244 | int sprintf (char *__restrict, const char *__restrict, ...)
      |              ^
../Core/Src/bluetooth_module.c:101:10: warning: passing argument 1 of 'memset' discards 'volatile' qualifier from pointer target type [-Wdiscarded-qualifiers]
  101 |   memset(bluetooth_TX_buffer,0, BUFF_LEN);
      |          ^~~~~~~~~~~~~~~~~~~
In file included from ../Core/Src/bluetooth_module.c:4:
c:\st\stm32cubeide_1.12.1\stm32cubeide\plugins\com.st.stm32cube.ide.mcu.externaltools.gnu-tools-for-stm32.10.3-2021.10.win32_1.0.200.202301161003\tools\arm-none-eabi\include\string.h:33:17: note: expected 'void *' but argument is of type 'volatile char *'
   33 | void *  memset (void *, int, size_t);
      |                 ^~~~~~
../Core/Src/bluetooth_module.c: In function 'check_bluetooth_BaudRate':
../Core/Src/bluetooth_module.c:113:9: warning: passing argument 1 of 'memset' discards 'volatile' qualifier from pointer target type [-Wdiscarded-qualifiers]
  113 |  memset(bluetooth_TX_buffer,0, BUFF_LEN);
      |         ^~~~~~~~~~~~~~~~~~~
In file included from ../Core/Src/bluetooth_module.c:4:
c:\st\stm32cubeide_1.12.1\stm32cubeide\plugins\com.st.stm32cube.ide.mcu.externaltools.gnu-tools-for-stm32.10.3-2021.10.win32_1.0.200.202301161003\tools\arm-none-eabi\include\string.h:33:17: note: expected 'void *' but argument is of type 'volatile char *'
   33 | void *  memset (void *, int, size_t);
      |                 ^~~~~~
../Core/Src/bluetooth_module.c:117:10: warning: passing argument 1 of 'sprintf' discards 'volatile' qualifier from pointer target type [-Wdiscarded-qualifiers]
  117 |  sprintf(bluetooth_TX_buffer, "%s", result_command);
      |          ^~~~~~~~~~~~~~~~~~~
In file included from ../Core/Src/bluetooth_module.c:5:
c:\st\stm32cubeide_1.12.1\stm32cubeide\plugins\com.st.stm32cube.ide.mcu.externaltools.gnu-tools-for-stm32.10.3-2021.10.win32_1.0.200.202301161003\tools\arm-none-eabi\include\stdio.h:244:14: note: expected 'char * restrict' but argument is of type 'volatile char *'
  244 | int sprintf (char *__restrict, const char *__restrict, ...)
      |              ^
../Core/Src/bluetooth_module.c:131:10: warning: passing argument 1 of 'memset' discards 'volatile' qualifier from pointer target type [-Wdiscarded-qualifiers]
  131 |   memset(bluetooth_TX_buffer,0, BUFF_LEN);
      |          ^~~~~~~~~~~~~~~~~~~
In file included from ../Core/Src/bluetooth_module.c:4:
c:\st\stm32cubeide_1.12.1\stm32cubeide\plugins\com.st.stm32cube.ide.mcu.externaltools.gnu-tools-for-stm32.10.3-2021.10.win32_1.0.200.202301161003\tools\arm-none-eabi\include\string.h:33:17: note: expected 'void *' but argument is of type 'volatile char *'
   33 | void *  memset (void *, int, size_t);
      |                 ^~~~~~
../Core/Src/bluetooth_module.c: In function 'check_bluetooth_Password':
../Core/Src/bluetooth_module.c:142:9: warning: passing argument 1 of 'memset' discards 'volatile' qualifier from pointer target type [-Wdiscarded-qualifiers]
  142 |  memset(bluetooth_TX_buffer,0, BUFF_LEN);
      |         ^~~~~~~~~~~~~~~~~~~
In file included from ../Core/Src/bluetooth_module.c:4:
c:\st\stm32cubeide_1.12.1\stm32cubeide\plugins\com.st.stm32cube.ide.mcu.externaltools.gnu-tools-for-stm32.10.3-2021.10.win32_1.0.200.202301161003\tools\arm-none-eabi\include\string.h:33:17: note: expected 'void *' but argument is of type 'volatile char *'
   33 | void *  memset (void *, int, size_t);
      |                 ^~~~~~
../Core/Src/bluetooth_module.c:146:10: warning: passing argument 1 of 'sprintf' discards 'volatile' qualifier from pointer target type [-Wdiscarded-qualifiers]
  146 |  sprintf(bluetooth_TX_buffer, "%s", result_command);
      |          ^~~~~~~~~~~~~~~~~~~
In file included from ../Core/Src/bluetooth_module.c:5:
c:\st\stm32cubeide_1.12.1\stm32cubeide\plugins\com.st.stm32cube.ide.mcu.externaltools.gnu-tools-for-stm32.10.3-2021.10.win32_1.0.200.202301161003\tools\arm-none-eabi\include\stdio.h:244:14: note: expected 'char * restrict' but argument is of type 'volatile char *'
  244 | int sprintf (char *__restrict, const char *__restrict, ...)
      |              ^
../Core/Src/bluetooth_module.c:160:10: warning: passing argument 1 of 'memset' discards 'volatile' qualifier from pointer target type [-Wdiscarded-qualifiers]
  160 |   memset(bluetooth_TX_buffer,0, BUFF_LEN);
      |          ^~~~~~~~~~~~~~~~~~~
In file included from ../Core/Src/bluetooth_module.c:4:
c:\st\stm32cubeide_1.12.1\stm32cubeide\plugins\com.st.stm32cube.ide.mcu.externaltools.gnu-tools-for-stm32.10.3-2021.10.win32_1.0.200.202301161003\tools\arm-none-eabi\include\string.h:33:17: note: expected 'void *' but argument is of type 'volatile char *'
   33 | void *  memset (void *, int, size_t);
      |                 ^~~~~~
../Core/Src/bluetooth_module.c: In function 'set_bluetooth_Name':
../Core/Src/bluetooth_module.c:173:9: warning: passing argument 1 of 'memset' discards 'volatile' qualifier from pointer target type [-Wdiscarded-qualifiers]
  173 |  memset(bluetooth_TX_buffer,0, BUFF_LEN);
      |         ^~~~~~~~~~~~~~~~~~~
In file included from ../Core/Src/bluetooth_module.c:4:
c:\st\stm32cubeide_1.12.1\stm32cubeide\plugins\com.st.stm32cube.ide.mcu.externaltools.gnu-tools-for-stm32.10.3-2021.10.win32_1.0.200.202301161003\tools\arm-none-eabi\include\string.h:33:17: note: expected 'void *' but argument is of type 'volatile char *'
   33 | void *  memset (void *, int, size_t);
      |                 ^~~~~~
../Core/Src/bluetooth_module.c:177:10: warning: passing argument 1 of 'sprintf' discards 'volatile' qualifier from pointer target type [-Wdiscarded-qualifiers]
  177 |  sprintf(bluetooth_TX_buffer, "%s", result_command);
      |          ^~~~~~~~~~~~~~~~~~~
In file included from ../Core/Src/bluetooth_module.c:5:
c:\st\stm32cubeide_1.12.1\stm32cubeide\plugins\com.st.stm32cube.ide.mcu.externaltools.gnu-tools-for-stm32.10.3-2021.10.win32_1.0.200.202301161003\tools\arm-none-eabi\include\stdio.h:244:14: note: expected 'char * restrict' but argument is of type 'volatile char *'
  244 | int sprintf (char *__restrict, const char *__restrict, ...)
      |              ^
../Core/Src/bluetooth_module.c:197:10: warning: passing argument 1 of 'memset' discards 'volatile' qualifier from pointer target type [-Wdiscarded-qualifiers]
  197 |   memset(bluetooth_RX1_buffer,0, BUFF_LEN);
      |          ^~~~~~~~~~~~~~~~~~~~
In file included from ../Core/Src/bluetooth_module.c:4:
c:\st\stm32cubeide_1.12.1\stm32cubeide\plugins\com.st.stm32cube.ide.mcu.externaltools.gnu-tools-for-stm32.10.3-2021.10.win32_1.0.200.202301161003\tools\arm-none-eabi\include\string.h:33:17: note: expected 'void *' but argument is of type 'volatile char *'
   33 | void *  memset (void *, int, size_t);
      |                 ^~~~~~
../Core/Src/bluetooth_module.c:199:18: warning: initialization of 'char' from 'char *' makes integer from pointer without a cast [-Wint-conversion]
  199 |   char confirm = "OK\r\n";
      |                  ^~~~~~~~
../Core/Src/bluetooth_module.c:220:19: warning: passing argument 2 of 'strstr' makes pointer from integer without a cast [-Wint-conversion]
  220 |    if(strstr(tmp, confirm) != NULL)
      |                   ^~~~~~~
      |                   |
      |                   char
In file included from ../Core/Src/bluetooth_module.c:4:
c:\st\stm32cubeide_1.12.1\stm32cubeide\plugins\com.st.stm32cube.ide.mcu.externaltools.gnu-tools-for-stm32.10.3-2021.10.win32_1.0.200.202301161003\tools\arm-none-eabi\include\string.h:48:30: note: expected 'const char *' but argument is of type 'char'
   48 | char  *strstr (const char *, const char *);
      |                              ^~~~~~~~~~~~
../Core/Src/bluetooth_module.c:222:12: warning: passing argument 1 of 'memset' discards 'volatile' qualifier from pointer target type [-Wdiscarded-qualifiers]
  222 |     memset(bluetooth_RX1_buffer,0, BUFF_LEN);
      |            ^~~~~~~~~~~~~~~~~~~~
In file included from ../Core/Src/bluetooth_module.c:4:
c:\st\stm32cubeide_1.12.1\stm32cubeide\plugins\com.st.stm32cube.ide.mcu.externaltools.gnu-tools-for-stm32.10.3-2021.10.win32_1.0.200.202301161003\tools\arm-none-eabi\include\string.h:33:17: note: expected 'void *' but argument is of type 'volatile char *'
   33 | void *  memset (void *, int, size_t);
      |                 ^~~~~~
../Core/Src/bluetooth_module.c:230:12: warning: passing argument 1 of 'memset' discards 'volatile' qualifier from pointer target type [-Wdiscarded-qualifiers]
  230 |     memset(bluetooth_RX1_buffer,0, BUFF_LEN);
      |            ^~~~~~~~~~~~~~~~~~~~
In file included from ../Core/Src/bluetooth_module.c:4:
c:\st\stm32cubeide_1.12.1\stm32cubeide\plugins\com.st.stm32cube.ide.mcu.externaltools.gnu-tools-for-stm32.10.3-2021.10.win32_1.0.200.202301161003\tools\arm-none-eabi\include\string.h:33:17: note: expected 'void *' but argument is of type 'volatile char *'
   33 | void *  memset (void *, int, size_t);
      |                 ^~~~~~
../Core/Src/bluetooth_module.c:235:10: warning: passing argument 1 of 'memset' discards 'volatile' qualifier from pointer target type [-Wdiscarded-qualifiers]
  235 |   memset(bluetooth_TX_buffer,0, BUFF_LEN);
      |          ^~~~~~~~~~~~~~~~~~~
In file included from ../Core/Src/bluetooth_module.c:4:
c:\st\stm32cubeide_1.12.1\stm32cubeide\plugins\com.st.stm32cube.ide.mcu.externaltools.gnu-tools-for-stm32.10.3-2021.10.win32_1.0.200.202301161003\tools\arm-none-eabi\include\string.h:33:17: note: expected 'void *' but argument is of type 'volatile char *'
   33 | void *  memset (void *, int, size_t);
      |                 ^~~~~~
../Core/Src/bluetooth_module.c: In function 'set_BaudRate':
../Core/Src/bluetooth_module.c:244:2: warning: implicit declaration of function 'itoa' [-Wimplicit-function-declaration]
  244 |  itoa(rate, baud_rate, 10);
      |  ^~~~
../Core/Src/bluetooth_module.c: In function 'set_bluetooth_BaudRate':
../Core/Src/bluetooth_module.c:250:9: warning: passing argument 1 of 'memset' discards 'volatile' qualifier from pointer target type [-Wdiscarded-qualifiers]
  250 |  memset(bluetooth_TX_buffer,0, BUFF_LEN);
      |         ^~~~~~~~~~~~~~~~~~~
In file included from ../Core/Src/bluetooth_module.c:4:
c:\st\stm32cubeide_1.12.1\stm32cubeide\plugins\com.st.stm32cube.ide.mcu.externaltools.gnu-tools-for-stm32.10.3-2021.10.win32_1.0.200.202301161003\tools\arm-none-eabi\include\string.h:33:17: note: expected 'void *' but argument is of type 'volatile char *'
   33 | void *  memset (void *, int, size_t);
      |                 ^~~~~~
../Core/Src/bluetooth_module.c:251:9: warning: passing argument 1 of 'memset' discards 'volatile' qualifier from pointer target type [-Wdiscarded-qualifiers]
  251 |  memset(bluetooth_RX1_buffer,0, BUFF_LEN);
      |         ^~~~~~~~~~~~~~~~~~~~
In file included from ../Core/Src/bluetooth_module.c:4:
c:\st\stm32cubeide_1.12.1\stm32cubeide\plugins\com.st.stm32cube.ide.mcu.externaltools.gnu-tools-for-stm32.10.3-2021.10.win32_1.0.200.202301161003\tools\arm-none-eabi\include\string.h:33:17: note: expected 'void *' but argument is of type 'volatile char *'
   33 | void *  memset (void *, int, size_t);
      |                 ^~~~~~
../Core/Src/bluetooth_module.c:254:10: warning: passing argument 1 of 'sprintf' discards 'volatile' qualifier from pointer target type [-Wdiscarded-qualifiers]
  254 |  sprintf(bluetooth_TX_buffer, "%s+%s?", command_AT, command_baud_rate);
      |          ^~~~~~~~~~~~~~~~~~~
In file included from ../Core/Src/bluetooth_module.c:5:
c:\st\stm32cubeide_1.12.1\stm32cubeide\plugins\com.st.stm32cube.ide.mcu.externaltools.gnu-tools-for-stm32.10.3-2021.10.win32_1.0.200.202301161003\tools\arm-none-eabi\include\stdio.h:244:14: note: expected 'char * restrict' but argument is of type 'volatile char *'
  244 | int sprintf (char *__restrict, const char *__restrict, ...)
      |              ^
../Core/Src/bluetooth_module.c:272:10: warning: passing argument 1 of 'memset' discards 'volatile' qualifier from pointer target type [-Wdiscarded-qualifiers]
  272 |   memset(bluetooth_TX_buffer,0, BUFF_LEN);
      |          ^~~~~~~~~~~~~~~~~~~
In file included from ../Core/Src/bluetooth_module.c:4:
c:\st\stm32cubeide_1.12.1\stm32cubeide\plugins\com.st.stm32cube.ide.mcu.externaltools.gnu-tools-for-stm32.10.3-2021.10.win32_1.0.200.202301161003\tools\arm-none-eabi\include\string.h:33:17: note: expected 'void *' but argument is of type 'volatile char *'
   33 | void *  memset (void *, int, size_t);
      |                 ^~~~~~
arm-none-eabi-gcc "../Core/Src/tim.c" -mcpu=cortex-m4 -std=gnu11 -DUSE_HAL_DRIVER -DSTM32F411xE -c -I../Core/Inc -IC:/Users/Aleksy/STM32Cube/Repository/STM32Cube_FW_F4_V1.27.1/Drivers/STM32F4xx_HAL_Driver/Inc -IC:/Users/Aleksy/STM32Cube/Repository/STM32Cube_FW_F4_V1.27.1/Drivers/STM32F4xx_HAL_Driver/Inc/Legacy -IC:/Users/Aleksy/STM32Cube/Repository/STM32Cube_FW_F4_V1.27.1/Drivers/CMSIS/Device/ST/STM32F4xx/Include -IC:/Users/Aleksy/STM32Cube/Repository/STM32Cube_FW_F4_V1.27.1/Drivers/CMSIS/Include -Os -ffunction-sections -fdata-sections -Wall -fstack-usage -fcyclomatic-complexity -MMD -MP -MF"Core/Src/tim.d" -MT"Core/Src/tim.o" --specs=nano.specs -mfpu=fpv4-sp-d16 -mfloat-abi=hard -mthumb -o "Core/Src/tim.o"
arm-none-eabi-gcc "../Core/Src/timers.c" -mcpu=cortex-m4 -std=gnu11 -DUSE_HAL_DRIVER -DSTM32F411xE -c -I../Core/Inc -IC:/Users/Aleksy/STM32Cube/Repository/STM32Cube_FW_F4_V1.27.1/Drivers/STM32F4xx_HAL_Driver/Inc -IC:/Users/Aleksy/STM32Cube/Repository/STM32Cube_FW_F4_V1.27.1/Drivers/STM32F4xx_HAL_Driver/Inc/Legacy -IC:/Users/Aleksy/STM32Cube/Repository/STM32Cube_FW_F4_V1.27.1/Drivers/CMSIS/Device/ST/STM32F4xx/Include -IC:/Users/Aleksy/STM32Cube/Repository/STM32Cube_FW_F4_V1.27.1/Drivers/CMSIS/Include -Os -ffunction-sections -fdata-sections -Wall -fstack-usage -fcyclomatic-complexity -MMD -MP -MF"Core/Src/timers.d" -MT"Core/Src/timers.o" --specs=nano.specs -mfpu=fpv4-sp-d16 -mfloat-abi=hard -mthumb -o "Core/Src/timers.o"
arm-none-eabi-gcc "../Core/Src/usart.c" -mcpu=cortex-m4 -std=gnu11 -DUSE_HAL_DRIVER -DSTM32F411xE -c -I../Core/Inc -IC:/Users/Aleksy/STM32Cube/Repository/STM32Cube_FW_F4_V1.27.1/Drivers/STM32F4xx_HAL_Driver/Inc -IC:/Users/Aleksy/STM32Cube/Repository/STM32Cube_FW_F4_V1.27.1/Drivers/STM32F4xx_HAL_Driver/Inc/Legacy -IC:/Users/Aleksy/STM32Cube/Repository/STM32Cube_FW_F4_V1.27.1/Drivers/CMSIS/Device/ST/STM32F4xx/Include -IC:/Users/Aleksy/STM32Cube/Repository/STM32Cube_FW_F4_V1.27.1/Drivers/CMSIS/Include -Os -ffunction-sections -fdata-sections -Wall -fstack-usage -fcyclomatic-complexity -MMD -MP -MF"Core/Src/usart.d" -MT"Core/Src/usart.o" --specs=nano.specs -mfpu=fpv4-sp-d16 -mfloat-abi=hard -mthumb -o "Core/Src/usart.o"
../Core/Src/timers.c: In function 'HAL_TIM_PeriodElapsedCallback':
../Core/Src/timers.c:29:3: warning: statement with no effect [-Wunused-value]
   29 |   for(i; i<BUFF_LEN; i++)
      |   ^~~
../Core/Src/timers.c:33:10: warning: assignment discards 'volatile' qualifier from pointer target type [-Wdiscarded-qualifiers]
   33 |     temp = &bluetooth_RX1_buffer[i];
      |          ^
../Core/Src/timers.c:48:4: warning: implicit declaration of function 'memset' [-Wimplicit-function-declaration]
   48 |    memset(bluetooth_RX1_buffer,0, BUFF_LEN);
      |    ^~~~~~
../Core/Src/timers.c:48:4: warning: incompatible implicit declaration of built-in function 'memset'
../Core/Src/timers.c:7:1: note: include '<string.h>' or provide a declaration of 'memset'
    6 | #include "bluetooth_module.h"
  +++ |+#include <string.h>
    7 | 
../Core/Src/timers.c:48:11: warning: passing argument 1 of 'memset' discards 'volatile' qualifier from pointer target type [-Wdiscarded-qualifiers]
   48 |    memset(bluetooth_RX1_buffer,0, BUFF_LEN);
      |           ^~~~~~~~~~~~~~~~~~~~
../Core/Src/timers.c:48:11: note: expected 'void *' but argument is of type 'volatile char *'
../Core/Src/timers.c:49:34: warning: passing argument 2 of 'HAL_UART_Receive_DMA' discards 'volatile' qualifier from pointer target type [-Wdiscarded-qualifiers]
   49 |    HAL_UART_Receive_DMA(&huart1, bluetooth_RX1_buffer, BUFF_LEN);
      |                                  ^~~~~~~~~~~~~~~~~~~~
In file included from ../Core/Inc/stm32f4xx_hal_conf.h:411,
                 from C:/Users/Aleksy/STM32Cube/Repository/STM32Cube_FW_F4_V1.27.1/Drivers/STM32F4xx_HAL_Driver/Inc/stm32f4xx_hal.h:29,
                 from ../Core/Inc/main.h:30,
                 from ../Core/Inc/accelerometre.h:6,
                 from ../Core/Inc/timers.h:10,
                 from ../Core/Src/timers.c:1:
C:/Users/Aleksy/STM32Cube/Repository/STM32Cube_FW_F4_V1.27.1/Drivers/STM32F4xx_HAL_Driver/Inc/stm32f4xx_hal_uart.h:727:76: note: expected 'uint8_t *' {aka 'unsigned char *'} but argument is of type 'volatile char *'
  727 | HAL_StatusTypeDef HAL_UART_Receive_DMA(UART_HandleTypeDef *huart, uint8_t *pData, uint16_t Size);
      |                                                                   ~~~~~~~~~^~~~~
arm-none-eabi-gcc -o "Thesisv2.elf" @"objects.list"   -mcpu=cortex-m4 -T"C:\Users\Aleksy\Desktop\thesisproj\thesisSTMworkspace\Thesisv2\STM32F411RETX_FLASH.ld" --specs=nosys.specs -Wl,-Map="Thesisv2.map" -Wl,--gc-sections -static --specs=nano.specs -mfpu=fpv4-sp-d16 -mfloat-abi=hard -mthumb -Wl,--start-group -lc -lm -Wl,--end-group
Finished building target: Thesisv2.elf
 
arm-none-eabi-size   Thesisv2.elf 
arm-none-eabi-objdump -h -S  Thesisv2.elf  > "Thesisv2.list"
arm-none-eabi-objcopy  -O binary  Thesisv2.elf  "Thesisv2.bin"
   text	   data	    bss	    dec	    hex	filename
  25272	    148	   2956	  28376	   6ed8	Thesisv2.elf
Finished building: default.size.stdout
 
Finished building: Thesisv2.list
 
Finished building: Thesisv2.bin
 

17:53:45 Build Finished. 0 errors, 32 warnings. (took 3s.635ms)

