Archive member included to satisfy reference by file (symbol)

c:/st/stm32cubeide_1.12.1/stm32cubeide/plugins/com.st.stm32cube.ide.mcu.externaltools.gnu-tools-for-stm32.10.3-2021.10.win32_1.0.200.202301161003/tools/bin/../lib/gcc/arm-none-eabi/10.3.1/../../../../arm-none-eabi/lib/thumb/v7e-m+fp/hard\libc_nano.a(lib_a-errno.o)
                              ./Core/Src/syscalls.o (__errno)
c:/st/stm32cubeide_1.12.1/stm32cubeide/plugins/com.st.stm32cube.ide.mcu.externaltools.gnu-tools-for-stm32.10.3-2021.10.win32_1.0.200.202301161003/tools/bin/../lib/gcc/arm-none-eabi/10.3.1/../../../../arm-none-eabi/lib/thumb/v7e-m+fp/hard\libc_nano.a(lib_a-exit.o)
                              c:/st/stm32cubeide_1.12.1/stm32cubeide/plugins/com.st.stm32cube.ide.mcu.externaltools.gnu-tools-for-stm32.10.3-2021.10.win32_1.0.200.202301161003/tools/bin/../lib/gcc/arm-none-eabi/10.3.1/../../../../arm-none-eabi/lib/thumb/v7e-m+fp/hard/crt0.o (exit)
c:/st/stm32cubeide_1.12.1/stm32cubeide/plugins/com.st.stm32cube.ide.mcu.externaltools.gnu-tools-for-stm32.10.3-2021.10.win32_1.0.200.202301161003/tools/bin/../lib/gcc/arm-none-eabi/10.3.1/../../../../arm-none-eabi/lib/thumb/v7e-m+fp/hard\libc_nano.a(lib_a-impure.o)
                              c:/st/stm32cubeide_1.12.1/stm32cubeide/plugins/com.st.stm32cube.ide.mcu.externaltools.gnu-tools-for-stm32.10.3-2021.10.win32_1.0.200.202301161003/tools/bin/../lib/gcc/arm-none-eabi/10.3.1/../../../../arm-none-eabi/lib/thumb/v7e-m+fp/hard\libc_nano.a(lib_a-exit.o) (_global_impure_ptr)
c:/st/stm32cubeide_1.12.1/stm32cubeide/plugins/com.st.stm32cube.ide.mcu.externaltools.gnu-tools-for-stm32.10.3-2021.10.win32_1.0.200.202301161003/tools/bin/../lib/gcc/arm-none-eabi/10.3.1/../../../../arm-none-eabi/lib/thumb/v7e-m+fp/hard\libc_nano.a(lib_a-init.o)
                              c:/st/stm32cubeide_1.12.1/stm32cubeide/plugins/com.st.stm32cube.ide.mcu.externaltools.gnu-tools-for-stm32.10.3-2021.10.win32_1.0.200.202301161003/tools/bin/../lib/gcc/arm-none-eabi/10.3.1/../../../../arm-none-eabi/lib/thumb/v7e-m+fp/hard/crt0.o (__libc_init_array)
c:/st/stm32cubeide_1.12.1/stm32cubeide/plugins/com.st.stm32cube.ide.mcu.externaltools.gnu-tools-for-stm32.10.3-2021.10.win32_1.0.200.202301161003/tools/bin/../lib/gcc/arm-none-eabi/10.3.1/../../../../arm-none-eabi/lib/thumb/v7e-m+fp/hard\libc_nano.a(lib_a-itoa.o)
                              ./Core/Src/bluetooth_module.o (itoa)
c:/st/stm32cubeide_1.12.1/stm32cubeide/plugins/com.st.stm32cube.ide.mcu.externaltools.gnu-tools-for-stm32.10.3-2021.10.win32_1.0.200.202301161003/tools/bin/../lib/gcc/arm-none-eabi/10.3.1/../../../../arm-none-eabi/lib/thumb/v7e-m+fp/hard\libc_nano.a(lib_a-memset.o)
                              c:/st/stm32cubeide_1.12.1/stm32cubeide/plugins/com.st.stm32cube.ide.mcu.externaltools.gnu-tools-for-stm32.10.3-2021.10.win32_1.0.200.202301161003/tools/bin/../lib/gcc/arm-none-eabi/10.3.1/../../../../arm-none-eabi/lib/thumb/v7e-m+fp/hard/crt0.o (memset)
c:/st/stm32cubeide_1.12.1/stm32cubeide/plugins/com.st.stm32cube.ide.mcu.externaltools.gnu-tools-for-stm32.10.3-2021.10.win32_1.0.200.202301161003/tools/bin/../lib/gcc/arm-none-eabi/10.3.1/../../../../arm-none-eabi/lib/thumb/v7e-m+fp/hard\libc_nano.a(lib_a-sprintf.o)
                              ./Core/Src/bluetooth_module.o (sprintf)
c:/st/stm32cubeide_1.12.1/stm32cubeide/plugins/com.st.stm32cube.ide.mcu.externaltools.gnu-tools-for-stm32.10.3-2021.10.win32_1.0.200.202301161003/tools/bin/../lib/gcc/arm-none-eabi/10.3.1/../../../../arm-none-eabi/lib/thumb/v7e-m+fp/hard\libc_nano.a(lib_a-utoa.o)
                              c:/st/stm32cubeide_1.12.1/stm32cubeide/plugins/com.st.stm32cube.ide.mcu.externaltools.gnu-tools-for-stm32.10.3-2021.10.win32_1.0.200.202301161003/tools/bin/../lib/gcc/arm-none-eabi/10.3.1/../../../../arm-none-eabi/lib/thumb/v7e-m+fp/hard\libc_nano.a(lib_a-itoa.o) (__utoa)
c:/st/stm32cubeide_1.12.1/stm32cubeide/plugins/com.st.stm32cube.ide.mcu.externaltools.gnu-tools-for-stm32.10.3-2021.10.win32_1.0.200.202301161003/tools/bin/../lib/gcc/arm-none-eabi/10.3.1/../../../../arm-none-eabi/lib/thumb/v7e-m+fp/hard\libc_nano.a(lib_a-nano-svfprintf.o)
                              c:/st/stm32cubeide_1.12.1/stm32cubeide/plugins/com.st.stm32cube.ide.mcu.externaltools.gnu-tools-for-stm32.10.3-2021.10.win32_1.0.200.202301161003/tools/bin/../lib/gcc/arm-none-eabi/10.3.1/../../../../arm-none-eabi/lib/thumb/v7e-m+fp/hard\libc_nano.a(lib_a-sprintf.o) (_svfprintf_r)
c:/st/stm32cubeide_1.12.1/stm32cubeide/plugins/com.st.stm32cube.ide.mcu.externaltools.gnu-tools-for-stm32.10.3-2021.10.win32_1.0.200.202301161003/tools/bin/../lib/gcc/arm-none-eabi/10.3.1/../../../../arm-none-eabi/lib/thumb/v7e-m+fp/hard\libc_nano.a(lib_a-nano-vfprintf_i.o)
[...]
Memory Configuration

Name             Origin             Length             Attributes
RAM              0x0000000020000000 0x0000000000020000 xrw
FLASH            0x0000000008000000 0x0000000000080000 xr
*default*        0x0000000000000000 0xffffffffffffffff

Linker script and memory map

LOAD c:/st/stm32cubeide_1.12.1/stm32cubeide/plugins/com.st.stm32cube.ide.mcu.externaltools.gnu-tools-for-stm32.10.3-2021.10.win32_1.0.200.202301161003/tools/bin/../lib/gcc/arm-none-eabi/10.3.1/thumb/v7e-m+fp/hard/crti.o
LOAD c:/st/stm32cubeide_1.12.1/stm32cubeide/plugins/com.st.stm32cube.ide.mcu.externaltools.gnu-tools-for-stm32.10.3-2021.10.win32_1.0.200.202301161003/tools/bin/../lib/gcc/arm-none-eabi/10.3.1/thumb/v7e-m+fp/hard/crtbegin.o
LOAD c:/st/stm32cubeide_1.12.1/stm32cubeide/plugins/com.st.stm32cube.ide.mcu.externaltools.gnu-tools-for-stm32.10.3-2021.10.win32_1.0.200.202301161003/tools/bin/../lib/gcc/arm-none-eabi/10.3.1/../../../../arm-none-eabi/lib/thumb/v7e-m+fp/hard/crt0.o
LOAD ./Core/Src/adc.o
LOAD ./Core/Src/bluetooth_module.o
LOAD ./Core/Src/crc.o
LOAD ./Core/Src/dma.o
LOAD ./Core/Src/gpio.o
LOAD ./Core/Src/i2c.o
LOAD ./Core/Src/main.o
LOAD ./Core/Src/rtc.o
LOAD ./Core/Src/stm32f4xx_hal_msp.o
LOAD ./Core/Src/stm32f4xx_it.o
LOAD ./Core/Src/syscalls.o
LOAD ./Core/Src/sysmem.o
LOAD ./Core/Src/system_stm32f4xx.o
LOAD ./Core/Src/tim.o
LOAD ./Core/Src/usart.o
LOAD ./Core/Startup/startup_stm32f411retx.o
LOAD ./Drivers/STM32F4xx_HAL_Driver/stm32f4xx_hal.o
LOAD ./Drivers/STM32F4xx_HAL_Driver/stm32f4xx_hal_adc.o
LOAD ./Drivers/STM32F4xx_HAL_Driver/stm32f4xx_hal_adc_ex.o
LOAD ./Drivers/STM32F4xx_HAL_Driver/stm32f4xx_hal_cortex.o
LOAD ./Drivers/STM32F4xx_HAL_Driver/stm32f4xx_hal_crc.o
LOAD ./Drivers/STM32F4xx_HAL_Driver/stm32f4xx_hal_dma.o
LOAD ./Drivers/STM32F4xx_HAL_Driver/stm32f4xx_hal_dma_ex.o
LOAD ./Drivers/STM32F4xx_HAL_Driver/stm32f4xx_hal_exti.o
LOAD ./Drivers/STM32F4xx_HAL_Driver/stm32f4xx_hal_flash.o
LOAD ./Drivers/STM32F4xx_HAL_Driver/stm32f4xx_hal_flash_ex.o
LOAD ./Drivers/STM32F4xx_HAL_Driver/stm32f4xx_hal_flash_ramfunc.o
LOAD ./Drivers/STM32F4xx_HAL_Driver/stm32f4xx_hal_gpio.o
LOAD ./Drivers/STM32F4xx_HAL_Driver/stm32f4xx_hal_i2c.o
LOAD ./Drivers/STM32F4xx_HAL_Driver/stm32f4xx_hal_i2c_ex.o
LOAD ./Drivers/STM32F4xx_HAL_Driver/stm32f4xx_hal_pwr.o
LOAD ./Drivers/STM32F4xx_HAL_Driver/stm32f4xx_hal_pwr_ex.o
LOAD ./Drivers/STM32F4xx_HAL_Driver/stm32f4xx_hal_rcc.o
LOAD ./Drivers/STM32F4xx_HAL_Driver/stm32f4xx_hal_rcc_ex.o
LOAD ./Drivers/STM32F4xx_HAL_Driver/stm32f4xx_hal_rtc.o
LOAD ./Drivers/STM32F4xx_HAL_Driver/stm32f4xx_hal_rtc_ex.o
LOAD ./Drivers/STM32F4xx_HAL_Driver/stm32f4xx_hal_tim.o
LOAD ./Drivers/STM32F4xx_HAL_Driver/stm32f4xx_hal_tim_ex.o
LOAD ./Drivers/STM32F4xx_HAL_Driver/stm32f4xx_hal_uart.o
LOAD ./Drivers/STM32F4xx_HAL_Driver/stm32f4xx_ll_adc.o
START GROUP
LOAD c:/st/stm32cubeide_1.12.1/stm32cubeide/plugins/com.st.stm32cube.ide.mcu.externaltools.gnu-tools-for-stm32.10.3-2021.10.win32_1.0.200.202301161003/tools/bin/../lib/gcc/arm-none-eabi/10.3.1/../../../../arm-none-eabi/lib/thumb/v7e-m+fp/hard\libc_nano.a
LOAD c:/st/stm32cubeide_1.12.1/stm32cubeide/plugins/com.st.stm32cube.ide.mcu.externaltools.gnu-tools-for-stm32.10.3-2021.10.win32_1.0.200.202301161003/tools/bin/../lib/gcc/arm-none-eabi/10.3.1/../../../../arm-none-eabi/lib/thumb/v7e-m+fp/hard\libm.a
END GROUP
START GROUP
LOAD c:/st/stm32cubeide_1.12.1/stm32cubeide/plugins/com.st.stm32cube.ide.mcu.externaltools.gnu-tools-for-stm32.10.3-2021.10.win32_1.0.200.202301161003/tools/bin/../lib/gcc/arm-none-eabi/10.3.1/thumb/v7e-m+fp/hard\libgcc.a
LOAD c:/st/stm32cubeide_1.12.1/stm32cubeide/plugins/com.st.stm32cube.ide.mcu.externaltools.gnu-tools-for-stm32.10.3-2021.10.win32_1.0.200.202301161003/tools/bin/../lib/gcc/arm-none-eabi/10.3.1/../../../../arm-none-eabi/lib/thumb/v7e-m+fp/hard\libc_nano.a
END GROUP
START GROUP
LOAD c:/st/stm32cubeide_1.12.1/stm32cubeide/plugins/com.st.stm32cube.ide.mcu.externaltools.gnu-tools-for-stm32.10.3-2021.10.win32_1.0.200.202301161003/tools/bin/../lib/gcc/arm-none-eabi/10.3.1/thumb/v7e-m+fp/hard\libgcc.a
LOAD c:/st/stm32cubeide_1.12.1/stm32cubeide/plugins/com.st.stm32cube.ide.mcu.externaltools.gnu-tools-for-stm32.10.3-2021.10.win32_1.0.200.202301161003/tools/bin/../lib/gcc/arm-none-eabi/10.3.1/../../../../arm-none-eabi/lib/thumb/v7e-m+fp/hard\libc_nano.a
LOAD c:/st/stm32cubeide_1.12.1/stm32cubeide/plugins/com.st.stm32cube.ide.mcu.externaltools.gnu-tools-for-stm32.10.3-2021.10.win32_1.0.200.202301161003/tools/bin/../lib/gcc/arm-none-eabi/10.3.1/../../../../arm-none-eabi/lib/thumb/v7e-m+fp/hard\libnosys.a
END GROUP
START GROUP
LOAD c:/st/stm32cubeide_1.12.1/stm32cubeide/plugins/com.st.stm32cube.ide.mcu.externaltools.gnu-tools-for-stm32.10.3-2021.10.win32_1.0.200.202301161003/tools/bin/../lib/gcc/arm-none-eabi/10.3.1/thumb/v7e-m+fp/hard\libgcc.a
LOAD c:/st/stm32cubeide_1.12.1/stm32cubeide/plugins/com.st.stm32cube.ide.mcu.externaltools.gnu-tools-for-stm32.10.3-2021.10.win32_1.0.200.202301161003/tools/bin/../lib/gcc/arm-none-eabi/10.3.1/../../../../arm-none-eabi/lib/thumb/v7e-m+fp/hard\libc_nano.a
LOAD c:/st/stm32cubeide_1.12.1/stm32cubeide/plugins/com.st.stm32cube.ide.mcu.externaltools.gnu-tools-for-stm32.10.3-2021.10.win32_1.0.200.202301161003/tools/bin/../lib/gcc/arm-none-eabi/10.3.1/../../../../arm-none-eabi/lib/thumb/v7e-m+fp/hard\libnosys.a
END GROUP
LOAD c:/st/stm32cubeide_1.12.1/stm32cubeide/plugins/com.st.stm32cube.ide.mcu.externaltools.gnu-tools-for-stm32.10.3-2021.10.win32_1.0.200.202301161003/tools/bin/../lib/gcc/arm-none-eabi/10.3.1/thumb/v7e-m+fp/hard/crtend.o
LOAD c:/st/stm32cubeide_1.12.1/stm32cubeide/plugins/com.st.stm32cube.ide.mcu.externaltools.gnu-tools-for-stm32.10.3-2021.10.win32_1.0.200.202301161003/tools/bin/../lib/gcc/arm-none-eabi/10.3.1/thumb/v7e-m+fp/hard/crtn.o
                0x0000000020020000                _estack = (ORIGIN (RAM) + LENGTH (RAM))
                0x0000000000000200                _Min_Heap_Size = 0x200
                0x0000000000000400                _Min_Stack_Size = 0x400

.isr_vector     0x0000000008000000      0x198
                0x0000000008000000                . = ALIGN (0x4)
 *(.isr_vector)
 .isr_vector    0x0000000008000000      0x198 ./Core/Startup/startup_stm32f411retx.o
                0x0000000008000000                g_pfnVectors
                0x0000000008000198                . = ALIGN (0x4)

.text           0x0000000008000198     0x6c1c
                0x0000000008000198                . = ALIGN (0x4)
 *(.text)
 .text          0x0000000008000198       0x40 c:/st/stm32cubeide_1.12.1/stm32cubeide/plugins/com.st.stm32cube.ide.mcu.externaltools.gnu-tools-for-stm32.10.3-2021.10.win32_1.0.200.202301161003/tools/bin/../lib/gcc/arm-none-eabi/10.3.1/thumb/v7e-m+fp/hard/crtbegin.o
 .text          0x00000000080001d8       0x30 c:/st/stm32cubeide_1.12.1/stm32cubeide/plugins/com.st.stm32cube.ide.mcu.externaltools.gnu-tools-for-stm32.10.3-2021.10.win32_1.0.200.202301161003/tools/bin/../lib/gcc/arm-none-eabi/10.3.1/thumb/v7e-m+fp/hard\libgcc.a(_aeabi_uldivmod.o)
                0x00000000080001d8                __aeabi_uldivmod
 .text          0x0000000008000208      0x2d0 c:/st/stm32cubeide_1.12.1/stm32cubeide/plugins/com.st.stm32cube.ide.mcu.externaltools.gnu-tools-for-stm32.10.3-2021.10.win32_1.0.200.202301161003/tools/bin/../lib/gcc/arm-none-eabi/10.3.1/thumb/v7e-m+fp/hard\libgcc.a(_udivmoddi4.o)
                0x0000000008000208                __udivmoddi4
 .text          0x00000000080004d8        0x4 c:/st/stm32cubeide_1.12.1/stm32cubeide/plugins/com.st.stm32cube.ide.mcu.externaltools.gnu-tools-for-stm32.10.3-2021.10.win32_1.0.200.202301161003/tools/bin/../lib/gcc/arm-none-eabi/10.3.1/thumb/v7e-m+fp/hard\libgcc.a(_dvmd_tls.o)
                0x00000000080004d8                __aeabi_idiv0
                0x00000000080004d8                __aeabi_ldiv0
 *(.text*)
 .text.MX_ADC1_Init
                0x00000000080004dc      0x114 ./Core/Src/adc.o
                0x00000000080004dc                MX_ADC1_Init
 .text.HAL_ADC_MspInit
                0x00000000080005f0      0x174 ./Core/Src/adc.o
                0x00000000080005f0                HAL_ADC_MspInit
 .text.HAL_UART_RxCpltCallback
                0x0000000008000764       0x74 ./Core/Src/bluetooth_module.o
                0x0000000008000764                HAL_UART_RxCpltCallback
 .text.MX_CRC_Init
                0x00000000080007d8       0x28 ./Core/Src/crc.o
                0x00000000080007d8                MX_CRC_Init
 .text.HAL_CRC_MspInit
                0x0000000008000800       0x44 ./Core/Src/crc.o
                0x0000000008000800                HAL_CRC_MspInit
 .text.MX_DMA_Init
                0x0000000008000844       0x8c ./Core/Src/dma.o
                0x0000000008000844                MX_DMA_Init
 .text.MX_GPIO_Init
                0x00000000080008d0       0xf0 ./Core/Src/gpio.o
                0x00000000080008d0                MX_GPIO_Init
 .text.MX_I2C1_Init
                0x00000000080009c0       0x5c ./Core/Src/i2c.o
                0x00000000080009c0                MX_I2C1_Init
 .text.HAL_I2C_MspInit
                0x0000000008000a1c      0x114 ./Core/Src/i2c.o
                0x0000000008000a1c                HAL_I2C_MspInit
 .text.main     0x0000000008000b30       0x60 ./Core/Src/main.o
                0x0000000008000b30                main
 .text.SystemClock_Config
                0x0000000008000b90       0xc0 ./Core/Src/main.o
                0x0000000008000b90                SystemClock_Config
 .text.MX_NVIC_Init
                0x0000000008000c50       0x18 ./Core/Src/main.o
 .text.Error_Handler
                0x0000000008000c68        0xa ./Core/Src/main.o
                0x0000000008000c68                Error_Handler
 *fill*         0x0000000008000c72        0x2 
 .text.MX_RTC_Init
                0x0000000008000c74       0x4c ./Core/Src/rtc.o
                0x0000000008000c74                MX_RTC_Init
 .text.HAL_RTC_MspInit
                0x0000000008000cc0       0x58 ./Core/Src/rtc.o
                0x0000000008000cc0                HAL_RTC_MspInit
 .text.HAL_MspInit
                0x0000000008000d18       0x50 ./Core/Src/stm32f4xx_hal_msp.o
                0x0000000008000d18                HAL_MspInit
 .text.NMI_Handler
                0x0000000008000d68        0x6 ./Core/Src/stm32f4xx_it.o
                0x0000000008000d68                NMI_Handler
 .text.HardFault_Handler
                0x0000000008000d6e        0x6 ./Core/Src/stm32f4xx_it.o
                0x0000000008000d6e                HardFault_Handler
 .text.MemManage_Handler
                0x0000000008000d74        0x6 ./Core/Src/stm32f4xx_it.o
                0x0000000008000d74                MemManage_Handler
 .text.BusFault_Handler
                0x0000000008000d7a        0x6 ./Core/Src/stm32f4xx_it.o
                0x0000000008000d7a                BusFault_Handler
 .text.UsageFault_Handler
                0x0000000008000d80        0x6 ./Core/Src/stm32f4xx_it.o
                0x0000000008000d80                UsageFault_Handler
 .text.SVC_Handler
                0x0000000008000d86        0xe ./Core/Src/stm32f4xx_it.o
                0x0000000008000d86                SVC_Handler
 .text.DebugMon_Handler
                0x0000000008000d94        0xe ./Core/Src/stm32f4xx_it.o
                0x0000000008000d94                DebugMon_Handler
 .text.PendSV_Handler
                0x0000000008000da2        0xe ./Core/Src/stm32f4xx_it.o
                0x0000000008000da2                PendSV_Handler
 .text.SysTick_Handler
                0x0000000008000db0        0xc ./Core/Src/stm32f4xx_it.o
                0x0000000008000db0                SysTick_Handler
 .text.DMA1_Stream0_IRQHandler
                0x0000000008000dbc       0x14 ./Core/Src/stm32f4xx_it.o
                0x0000000008000dbc                DMA1_Stream0_IRQHandler
 .text.DMA1_Stream6_IRQHandler
                0x0000000008000dd0       0x14 ./Core/Src/stm32f4xx_it.o
                0x0000000008000dd0                DMA1_Stream6_IRQHandler
 .text.TIM2_IRQHandler
                0x0000000008000de4       0x14 ./Core/Src/stm32f4xx_it.o
                0x0000000008000de4                TIM2_IRQHandler
 .text.I2C1_EV_IRQHandler
                0x0000000008000df8       0x14 ./Core/Src/stm32f4xx_it.o
                0x0000000008000df8                I2C1_EV_IRQHandler
 .text.I2C1_ER_IRQHandler
                0x0000000008000e0c       0x14 ./Core/Src/stm32f4xx_it.o
                0x0000000008000e0c                I2C1_ER_IRQHandler
 .text.USART1_IRQHandler
                0x0000000008000e20       0x14 ./Core/Src/stm32f4xx_it.o
                0x0000000008000e20                USART1_IRQHandler
 .text.USART2_IRQHandler
                0x0000000008000e34       0x14 ./Core/Src/stm32f4xx_it.o
                0x0000000008000e34                USART2_IRQHandler
 .text.DMA2_Stream0_IRQHandler
                0x0000000008000e48       0x14 ./Core/Src/stm32f4xx_it.o
                0x0000000008000e48                DMA2_Stream0_IRQHandler
 .text.DMA2_Stream7_IRQHandler
                0x0000000008000e5c       0x14 ./Core/Src/stm32f4xx_it.o
                0x0000000008000e5c                DMA2_Stream7_IRQHandler
 .text.SystemInit
                0x0000000008000e70       0x24 ./Core/Src/system_stm32f4xx.o
                0x0000000008000e70                SystemInit
 .text.MX_TIM2_Init
                0x0000000008000e94       0x98 ./Core/Src/tim.o
                0x0000000008000e94                MX_TIM2_Init
 .text.HAL_TIM_Base_MspInit
                0x0000000008000f2c       0x4c ./Core/Src/tim.o
                0x0000000008000f2c                HAL_TIM_Base_MspInit
 .text.MX_USART1_UART_Init
                0x0000000008000f78       0x54 ./Core/Src/usart.o
                0x0000000008000f78                MX_USART1_UART_Init
 .text.MX_USART2_UART_Init
                0x0000000008000fcc       0x54 ./Core/Src/usart.o
                0x0000000008000fcc                MX_USART2_UART_Init
 .text.HAL_UART_MspInit
                0x0000000008001020      0x1d4 ./Core/Src/usart.o
                0x0000000008001020                HAL_UART_MspInit
 .text.Reset_Handler
                0x00000000080011f4       0x50 ./Core/Startup/startup_stm32f411retx.o
                0x00000000080011f4                Reset_Handler
 .text.Default_Handler
                0x0000000008001244        0x2 ./Core/Startup/startup_stm32f411retx.o
                0x0000000008001244                RTC_Alarm_IRQHandler
                0x0000000008001244                EXTI2_IRQHandler
                0x0000000008001244                SPI4_IRQHandler
                0x0000000008001244                TIM1_CC_IRQHandler
                0x0000000008001244                DMA2_Stream5_IRQHandler
                0x0000000008001244                DMA1_Stream5_IRQHandler
                0x0000000008001244                PVD_IRQHandler
                0x0000000008001244                SDIO_IRQHandler
                0x0000000008001244                TAMP_STAMP_IRQHandler
                0x0000000008001244                EXTI3_IRQHandler
                0x0000000008001244                TIM1_UP_TIM10_IRQHandler
                0x0000000008001244                I2C3_ER_IRQHandler
                0x0000000008001244                EXTI0_IRQHandler
                0x0000000008001244                I2C2_EV_IRQHandler
                0x0000000008001244                DMA1_Stream2_IRQHandler
                0x0000000008001244                FPU_IRQHandler
                0x0000000008001244                DMA2_Stream2_IRQHandler
                0x0000000008001244                SPI1_IRQHandler
                0x0000000008001244                TIM1_BRK_TIM9_IRQHandler
                0x0000000008001244                DMA2_Stream3_IRQHandler
                0x0000000008001244                USART6_IRQHandler
                0x0000000008001244                TIM4_IRQHandler
                0x0000000008001244                DMA1_Stream1_IRQHandler
                0x0000000008001244                TIM3_IRQHandler
                0x0000000008001244                RCC_IRQHandler
                0x0000000008001244                Default_Handler
                0x0000000008001244                EXTI15_10_IRQHandler
                0x0000000008001244                ADC_IRQHandler
                0x0000000008001244                DMA1_Stream7_IRQHandler
                0x0000000008001244                SPI5_IRQHandler
                0x0000000008001244                TIM5_IRQHandler
                0x0000000008001244                I2C3_EV_IRQHandler
                0x0000000008001244                EXTI9_5_IRQHandler
                0x0000000008001244                RTC_WKUP_IRQHandler
                0x0000000008001244                SPI2_IRQHandler
                0x0000000008001244                EXTI4_IRQHandler
                0x0000000008001244                WWDG_IRQHandler
                0x0000000008001244                OTG_FS_WKUP_IRQHandler
                0x0000000008001244                TIM1_TRG_COM_TIM11_IRQHandler
                0x0000000008001244                EXTI1_IRQHandler
                0x0000000008001244                I2C2_ER_IRQHandler
                0x0000000008001244                DMA2_Stream1_IRQHandler
                0x0000000008001244                FLASH_IRQHandler
                0x0000000008001244                DMA2_Stream4_IRQHandler
                0x0000000008001244                OTG_FS_IRQHandler
                0x0000000008001244                SPI3_IRQHandler
                0x0000000008001244                DMA1_Stream4_IRQHandler
                0x0000000008001244                DMA2_Stream6_IRQHandler
                0x0000000008001244                DMA1_Stream3_IRQHandler
 *fill*         0x0000000008001246        0x2 
 .text.HAL_Init
                0x0000000008001248       0x44 ./Drivers/STM32F4xx_HAL_Driver/stm32f4xx_hal.o
                0x0000000008001248                HAL_Init
 .text.HAL_InitTick
                0x000000000800128c       0x60 ./Drivers/STM32F4xx_HAL_Driver/stm32f4xx_hal.o
                0x000000000800128c                HAL_InitTick
 .text.HAL_IncTick
                0x00000000080012ec       0x28 ./Drivers/STM32F4xx_HAL_Driver/stm32f4xx_hal.o
                0x00000000080012ec                HAL_IncTick
 .text.HAL_GetTick
                0x0000000008001314       0x18 ./Drivers/STM32F4xx_HAL_Driver/stm32f4xx_hal.o
                0x0000000008001314                HAL_GetTick
 .text.HAL_Delay
                0x000000000800132c       0x48 ./Drivers/STM32F4xx_HAL_Driver/stm32f4xx_hal.o
                0x000000000800132c                HAL_Delay
 .text.HAL_ADC_Init
                0x0000000008001374       0x86 ./Drivers/STM32F4xx_HAL_Driver/stm32f4xx_hal_adc.o
                0x0000000008001374                HAL_ADC_Init
 *fill*         0x00000000080013fa        0x2 
 .text.HAL_ADC_ConfigChannel
                0x00000000080013fc      0x264 ./Drivers/STM32F4xx_HAL_Driver/stm32f4xx_hal_adc.o
                0x00000000080013fc                HAL_ADC_ConfigChannel
 .text.ADC_Init
                0x0000000008001660      0x1f8 ./Drivers/STM32F4xx_HAL_Driver/stm32f4xx_hal_adc.o
 .text.__NVIC_SetPriorityGrouping
                0x0000000008001858       0x48 ./Drivers/STM32F4xx_HAL_Driver/stm32f4xx_hal_cortex.o
 .text.__NVIC_GetPriorityGrouping
                0x00000000080018a0       0x1c ./Drivers/STM32F4xx_HAL_Driver/stm32f4xx_hal_cortex.o
 .text.__NVIC_EnableIRQ
                0x00000000080018bc       0x3c ./Drivers/STM32F4xx_HAL_Driver/stm32f4xx_hal_cortex.o
 .text.__NVIC_SetPriority
                0x00000000080018f8       0x54 ./Drivers/STM32F4xx_HAL_Driver/stm32f4xx_hal_cortex.o
 .text.NVIC_EncodePriority
                0x000000000800194c       0x66 ./Drivers/STM32F4xx_HAL_Driver/stm32f4xx_hal_cortex.o
 *fill*         0x00000000080019b2        0x2 
 .text.SysTick_Config
                0x00000000080019b4       0x44 ./Drivers/STM32F4xx_HAL_Driver/stm32f4xx_hal_cortex.o
 .text.HAL_NVIC_SetPriorityGrouping
                0x00000000080019f8       0x16 ./Drivers/STM32F4xx_HAL_Driver/stm32f4xx_hal_cortex.o
                0x00000000080019f8                HAL_NVIC_SetPriorityGrouping
 .text.HAL_NVIC_SetPriority
                0x0000000008001a0e       0x38 ./Drivers/STM32F4xx_HAL_Driver/stm32f4xx_hal_cortex.o
                0x0000000008001a0e                HAL_NVIC_SetPriority
 .text.HAL_NVIC_EnableIRQ
                0x0000000008001a46       0x1c ./Drivers/STM32F4xx_HAL_Driver/stm32f4xx_hal_cortex.o
                0x0000000008001a46                HAL_NVIC_EnableIRQ
 .text.HAL_SYSTICK_Config
                0x0000000008001a62       0x18 ./Drivers/STM32F4xx_HAL_Driver/stm32f4xx_hal_cortex.o
                0x0000000008001a62                HAL_SYSTICK_Config
 .text.HAL_CRC_Init
                0x0000000008001a7a       0x38 ./Drivers/STM32F4xx_HAL_Driver/stm32f4xx_hal_crc.o
                0x0000000008001a7a                HAL_CRC_Init
 *fill*         0x0000000008001ab2        0x2 
 .text.HAL_DMA_Init
                0x0000000008001ab4      0x15c ./Drivers/STM32F4xx_HAL_Driver/stm32f4xx_hal_dma.o
                0x0000000008001ab4                HAL_DMA_Init
 .text.HAL_DMA_Start_IT
                0x0000000008001c10       0xb0 ./Drivers/STM32F4xx_HAL_Driver/stm32f4xx_hal_dma.o
                0x0000000008001c10                HAL_DMA_Start_IT
 .text.HAL_DMA_Abort
                0x0000000008001cc0       0xe0 ./Drivers/STM32F4xx_HAL_Driver/stm32f4xx_hal_dma.o
                0x0000000008001cc0                HAL_DMA_Abort
 .text.HAL_DMA_Abort_IT
                0x0000000008001da0       0x44 ./Drivers/STM32F4xx_HAL_Driver/stm32f4xx_hal_dma.o
                0x0000000008001da0                HAL_DMA_Abort_IT
 .text.HAL_DMA_IRQHandler
                0x0000000008001de4      0x314 ./Drivers/STM32F4xx_HAL_Driver/stm32f4xx_hal_dma.o
                0x0000000008001de4                HAL_DMA_IRQHandler
 .text.HAL_DMA_GetState
                0x00000000080020f8       0x1c ./Drivers/STM32F4xx_HAL_Driver/stm32f4xx_hal_dma.o
                0x00000000080020f8                HAL_DMA_GetState
 .text.DMA_SetConfig
                0x0000000008002114       0x5c ./Drivers/STM32F4xx_HAL_Driver/stm32f4xx_hal_dma.o
 .text.DMA_CalcBaseAndBitshift
                0x0000000008002170       0x6c ./Drivers/STM32F4xx_HAL_Driver/stm32f4xx_hal_dma.o
 .text.DMA_CheckFifoParam
                0x00000000080021dc       0xf8 ./Drivers/STM32F4xx_HAL_Driver/stm32f4xx_hal_dma.o
 .text.HAL_GPIO_Init
                0x00000000080022d4      0x308 ./Drivers/STM32F4xx_HAL_Driver/stm32f4xx_hal_gpio.o
                0x00000000080022d4                HAL_GPIO_Init
 .text.HAL_GPIO_WritePin
                0x00000000080025dc       0x32 ./Drivers/STM32F4xx_HAL_Driver/stm32f4xx_hal_gpio.o
                0x00000000080025dc                HAL_GPIO_WritePin
 *fill*         0x000000000800260e        0x2 
 .text.HAL_I2C_Init
                0x0000000008002610      0x288 ./Drivers/STM32F4xx_HAL_Driver/stm32f4xx_hal_i2c.o
                0x0000000008002610                HAL_I2C_Init
 .text.HAL_I2C_EV_IRQHandler
                0x0000000008002898      0x2e2 ./Drivers/STM32F4xx_HAL_Driver/stm32f4xx_hal_i2c.o
                0x0000000008002898                HAL_I2C_EV_IRQHandler
 .text.HAL_I2C_ER_IRQHandler
                0x0000000008002b7a      0x14e ./Drivers/STM32F4xx_HAL_Driver/stm32f4xx_hal_i2c.o
                0x0000000008002b7a                HAL_I2C_ER_IRQHandler
 .text.HAL_I2C_MasterTxCpltCallback
                0x0000000008002cc8       0x14 ./Drivers/STM32F4xx_HAL_Driver/stm32f4xx_hal_i2c.o
                0x0000000008002cc8                HAL_I2C_MasterTxCpltCallback
 .text.HAL_I2C_MasterRxCpltCallback
                0x0000000008002cdc       0x14 ./Drivers/STM32F4xx_HAL_Driver/stm32f4xx_hal_i2c.o
                0x0000000008002cdc                HAL_I2C_MasterRxCpltCallback
 .text.HAL_I2C_SlaveTxCpltCallback
                0x0000000008002cf0       0x14 ./Drivers/STM32F4xx_HAL_Driver/stm32f4xx_hal_i2c.o
                0x0000000008002cf0                HAL_I2C_SlaveTxCpltCallback
 .text.HAL_I2C_SlaveRxCpltCallback
                0x0000000008002d04       0x14 ./Drivers/STM32F4xx_HAL_Driver/stm32f4xx_hal_i2c.o
                0x0000000008002d04                HAL_I2C_SlaveRxCpltCallback
 .text.HAL_I2C_AddrCallback
                0x0000000008002d18       0x1c ./Drivers/STM32F4xx_HAL_Driver/stm32f4xx_hal_i2c.o
                0x0000000008002d18                HAL_I2C_AddrCallback
 .text.HAL_I2C_ListenCpltCallback
                0x0000000008002d34       0x14 ./Drivers/STM32F4xx_HAL_Driver/stm32f4xx_hal_i2c.o
                0x0000000008002d34                HAL_I2C_ListenCpltCallback
 .text.HAL_I2C_MemTxCpltCallback
                0x0000000008002d48       0x14 ./Drivers/STM32F4xx_HAL_Driver/stm32f4xx_hal_i2c.o
                0x0000000008002d48                HAL_I2C_MemTxCpltCallback
 .text.HAL_I2C_MemRxCpltCallback
                0x0000000008002d5c       0x14 ./Drivers/STM32F4xx_HAL_Driver/stm32f4xx_hal_i2c.o
                0x0000000008002d5c                HAL_I2C_MemRxCpltCallback
 .text.HAL_I2C_ErrorCallback
                0x0000000008002d70       0x14 ./Drivers/STM32F4xx_HAL_Driver/stm32f4xx_hal_i2c.o
                0x0000000008002d70                HAL_I2C_ErrorCallback
 .text.HAL_I2C_AbortCpltCallback
                0x0000000008002d84       0x14 ./Drivers/STM32F4xx_HAL_Driver/stm32f4xx_hal_i2c.o
                0x0000000008002d84                HAL_I2C_AbortCpltCallback
 .text.I2C_MasterTransmit_TXE
                0x0000000008002d98      0x138 ./Drivers/STM32F4xx_HAL_Driver/stm32f4xx_hal_i2c.o
 .text.I2C_MasterTransmit_BTF
                0x0000000008002ed0       0xec ./Drivers/STM32F4xx_HAL_Driver/stm32f4xx_hal_i2c.o
 .text.I2C_MemoryTransmit_TXE_BTF
                0x0000000008002fbc      0x128 ./Drivers/STM32F4xx_HAL_Driver/stm32f4xx_hal_i2c.o
 .text.I2C_MasterReceive_RXNE
                0x00000000080030e4      0x176 ./Drivers/STM32F4xx_HAL_Driver/stm32f4xx_hal_i2c.o
 .text.I2C_MasterReceive_BTF
                0x000000000800325a      0x1d4 ./Drivers/STM32F4xx_HAL_Driver/stm32f4xx_hal_i2c.o
 .text.I2C_Master_SB
                0x000000000800342e      0x10c ./Drivers/STM32F4xx_HAL_Driver/stm32f4xx_hal_i2c.o
 .text.I2C_Master_ADD10
                0x000000000800353a       0x54 ./Drivers/STM32F4xx_HAL_Driver/stm32f4xx_hal_i2c.o
 .text.I2C_Master_ADDR
                0x000000000800358e      0x322 ./Drivers/STM32F4xx_HAL_Driver/stm32f4xx_hal_i2c.o
 .text.I2C_SlaveTransmit_TXE
                0x00000000080038b0       0x7a ./Drivers/STM32F4xx_HAL_Driver/stm32f4xx_hal_i2c.o
 .text.I2C_SlaveTransmit_BTF
                0x000000000800392a       0x42 ./Drivers/STM32F4xx_HAL_Driver/stm32f4xx_hal_i2c.o
 .text.I2C_SlaveReceive_RXNE
                0x000000000800396c       0x7c ./Drivers/STM32F4xx_HAL_Driver/stm32f4xx_hal_i2c.o
 .text.I2C_SlaveReceive_BTF
                0x00000000080039e8       0x44 ./Drivers/STM32F4xx_HAL_Driver/stm32f4xx_hal_i2c.o
 .text.I2C_Slave_ADDR
                0x0000000008003a2c       0x94 ./Drivers/STM32F4xx_HAL_Driver/stm32f4xx_hal_i2c.o
 .text.I2C_Slave_STOPF
                0x0000000008003ac0      0x260 ./Drivers/STM32F4xx_HAL_Driver/stm32f4xx_hal_i2c.o
 .text.I2C_Slave_AF
                0x0000000008003d20       0xe0 ./Drivers/STM32F4xx_HAL_Driver/stm32f4xx_hal_i2c.o
 .text.I2C_ITError
                0x0000000008003e00      0x264 ./Drivers/STM32F4xx_HAL_Driver/stm32f4xx_hal_i2c.o
 .text.I2C_DMAAbort
                0x0000000008004064      0x150 ./Drivers/STM32F4xx_HAL_Driver/stm32f4xx_hal_i2c.o
 .text.I2C_WaitOnSTOPRequestThroughIT
                0x00000000080041b4       0x64 ./Drivers/STM32F4xx_HAL_Driver/stm32f4xx_hal_i2c.o
 .text.I2C_ConvertOtherXferOptions
                0x0000000008004218       0x36 ./Drivers/STM32F4xx_HAL_Driver/stm32f4xx_hal_i2c.o
 *fill*         0x000000000800424e        0x2 
 .text.HAL_RCC_OscConfig
                0x0000000008004250      0x4f0 ./Drivers/STM32F4xx_HAL_Driver/stm32f4xx_hal_rcc.o
                0x0000000008004250                HAL_RCC_OscConfig
 .text.HAL_RCC_ClockConfig
                0x0000000008004740      0x1cc ./Drivers/STM32F4xx_HAL_Driver/stm32f4xx_hal_rcc.o
                0x0000000008004740                HAL_RCC_ClockConfig
 .text.HAL_RCC_GetSysClockFreq
                0x000000000800490c      0x18c ./Drivers/STM32F4xx_HAL_Driver/stm32f4xx_hal_rcc.o
                0x000000000800490c                HAL_RCC_GetSysClockFreq
 .text.HAL_RCC_GetHCLKFreq
                0x0000000008004a98       0x18 ./Drivers/STM32F4xx_HAL_Driver/stm32f4xx_hal_rcc.o
                0x0000000008004a98                HAL_RCC_GetHCLKFreq
 .text.HAL_RCC_GetPCLK1Freq
                0x0000000008004ab0       0x28 ./Drivers/STM32F4xx_HAL_Driver/stm32f4xx_hal_rcc.o
                0x0000000008004ab0                HAL_RCC_GetPCLK1Freq
 .text.HAL_RCC_GetPCLK2Freq
                0x0000000008004ad8       0x28 ./Drivers/STM32F4xx_HAL_Driver/stm32f4xx_hal_rcc.o
                0x0000000008004ad8                HAL_RCC_GetPCLK2Freq
 .text.HAL_RCCEx_PeriphCLKConfig
                0x0000000008004b00      0x1e0 ./Drivers/STM32F4xx_HAL_Driver/stm32f4xx_hal_rcc_ex.o
                0x0000000008004b00                HAL_RCCEx_PeriphCLKConfig
 .text.HAL_RTC_Init
                0x0000000008004ce0       0xec ./Drivers/STM32F4xx_HAL_Driver/stm32f4xx_hal_rtc.o
                0x0000000008004ce0                HAL_RTC_Init
 .text.HAL_RTC_WaitForSynchro
                0x0000000008004dcc       0x50 ./Drivers/STM32F4xx_HAL_Driver/stm32f4xx_hal_rtc.o
                0x0000000008004dcc                HAL_RTC_WaitForSynchro
 .text.RTC_EnterInitMode
                0x0000000008004e1c       0x6e ./Drivers/STM32F4xx_HAL_Driver/stm32f4xx_hal_rtc.o
                0x0000000008004e1c                RTC_EnterInitMode
 .text.RTC_ExitInitMode
                0x0000000008004e8a       0x4a ./Drivers/STM32F4xx_HAL_Driver/stm32f4xx_hal_rtc.o
                0x0000000008004e8a                RTC_ExitInitMode
 .text.HAL_TIM_Base_Init
                0x0000000008004ed4       0x9e ./Drivers/STM32F4xx_HAL_Driver/stm32f4xx_hal_tim.o
                0x0000000008004ed4                HAL_TIM_Base_Init
 .text.HAL_TIM_IRQHandler
                0x0000000008004f72      0x210 ./Drivers/STM32F4xx_HAL_Driver/stm32f4xx_hal_tim.o
                0x0000000008004f72                HAL_TIM_IRQHandler
 .text.HAL_TIM_ConfigClockSource
                0x0000000008005182      0x18e ./Drivers/STM32F4xx_HAL_Driver/stm32f4xx_hal_tim.o
                0x0000000008005182                HAL_TIM_ConfigClockSource
 .text.HAL_TIM_PeriodElapsedCallback
                0x0000000008005310       0x14 ./Drivers/STM32F4xx_HAL_Driver/stm32f4xx_hal_tim.o
                0x0000000008005310                HAL_TIM_PeriodElapsedCallback
 .text.HAL_TIM_OC_DelayElapsedCallback
                0x0000000008005324       0x14 ./Drivers/STM32F4xx_HAL_Driver/stm32f4xx_hal_tim.o
                0x0000000008005324                HAL_TIM_OC_DelayElapsedCallback
 .text.HAL_TIM_IC_CaptureCallback
                0x0000000008005338       0x14 ./Drivers/STM32F4xx_HAL_Driver/stm32f4xx_hal_tim.o
                0x0000000008005338                HAL_TIM_IC_CaptureCallback
 .text.HAL_TIM_PWM_PulseFinishedCallback
                0x000000000800534c       0x14 ./Drivers/STM32F4xx_HAL_Driver/stm32f4xx_hal_tim.o
                0x000000000800534c                HAL_TIM_PWM_PulseFinishedCallback
 .text.HAL_TIM_TriggerCallback
                0x0000000008005360       0x14 ./Drivers/STM32F4xx_HAL_Driver/stm32f4xx_hal_tim.o
                0x0000000008005360                HAL_TIM_TriggerCallback
 .text.TIM_Base_SetConfig
                0x0000000008005374      0x100 ./Drivers/STM32F4xx_HAL_Driver/stm32f4xx_hal_tim.o
                0x0000000008005374                TIM_Base_SetConfig
 .text.TIM_TI1_ConfigInputStage
                0x0000000008005474       0x5e ./Drivers/STM32F4xx_HAL_Driver/stm32f4xx_hal_tim.o
 .text.TIM_TI2_ConfigInputStage
                0x00000000080054d2       0x60 ./Drivers/STM32F4xx_HAL_Driver/stm32f4xx_hal_tim.o
 .text.TIM_ITRx_SetConfig
                0x0000000008005532       0x36 ./Drivers/STM32F4xx_HAL_Driver/stm32f4xx_hal_tim.o
 .text.TIM_ETR_SetConfig
                0x0000000008005568       0x40 ./Drivers/STM32F4xx_HAL_Driver/stm32f4xx_hal_tim.o
                0x0000000008005568                TIM_ETR_SetConfig
 .text.HAL_TIMEx_MasterConfigSynchronization
                0x00000000080055a8       0xdc ./Drivers/STM32F4xx_HAL_Driver/stm32f4xx_hal_tim_ex.o
                0x00000000080055a8                HAL_TIMEx_MasterConfigSynchronization
 .text.HAL_TIMEx_CommutCallback
                0x0000000008005684       0x14 ./Drivers/STM32F4xx_HAL_Driver/stm32f4xx_hal_tim_ex.o
                0x0000000008005684                HAL_TIMEx_CommutCallback
 .text.HAL_TIMEx_BreakCallback
                0x0000000008005698       0x14 ./Drivers/STM32F4xx_HAL_Driver/stm32f4xx_hal_tim_ex.o
                0x0000000008005698                HAL_TIMEx_BreakCallback
 .text.HAL_UART_Init
                0x00000000080056ac       0x9a ./Drivers/STM32F4xx_HAL_Driver/stm32f4xx_hal_uart.o
                0x00000000080056ac                HAL_UART_Init
 .text.HAL_UART_Transmit
                0x0000000008005746      0x124 ./Drivers/STM32F4xx_HAL_Driver/stm32f4xx_hal_uart.o
                0x0000000008005746                HAL_UART_Transmit
 .text.HAL_UART_Receive_IT
                0x000000000800586a       0x60 ./Drivers/STM32F4xx_HAL_Driver/stm32f4xx_hal_uart.o
                0x000000000800586a                HAL_UART_Receive_IT
 *fill*         0x00000000080058ca        0x2 
 .text.HAL_UART_Transmit_DMA
                0x00000000080058cc       0xfc ./Drivers/STM32F4xx_HAL_Driver/stm32f4xx_hal_uart.o
                0x00000000080058cc                HAL_UART_Transmit_DMA
 .text.HAL_UART_Abort_IT
                0x00000000080059c8      0x228 ./Drivers/STM32F4xx_HAL_Driver/stm32f4xx_hal_uart.o
                0x00000000080059c8                HAL_UART_Abort_IT
 .text.HAL_UART_IRQHandler
                0x0000000008005bf0      0x51c ./Drivers/STM32F4xx_HAL_Driver/stm32f4xx_hal_uart.o
                0x0000000008005bf0                HAL_UART_IRQHandler
 .text.HAL_UART_TxCpltCallback
                0x000000000800610c       0x14 ./Drivers/STM32F4xx_HAL_Driver/stm32f4xx_hal_uart.o
                0x000000000800610c                HAL_UART_TxCpltCallback
 .text.HAL_UART_TxHalfCpltCallback
                0x0000000008006120       0x14 ./Drivers/STM32F4xx_HAL_Driver/stm32f4xx_hal_uart.o
                0x0000000008006120                HAL_UART_TxHalfCpltCallback
 .text.HAL_UART_ErrorCallback
                0x0000000008006134       0x14 ./Drivers/STM32F4xx_HAL_Driver/stm32f4xx_hal_uart.o
                0x0000000008006134                HAL_UART_ErrorCallback
 .text.HAL_UART_AbortCpltCallback
                0x0000000008006148       0x14 ./Drivers/STM32F4xx_HAL_Driver/stm32f4xx_hal_uart.o
                0x0000000008006148                HAL_UART_AbortCpltCallback
 .text.HAL_UARTEx_RxEventCallback
                0x000000000800615c       0x18 ./Drivers/STM32F4xx_HAL_Driver/stm32f4xx_hal_uart.o
                0x000000000800615c                HAL_UARTEx_RxEventCallback
 .text.UART_DMATransmitCplt
                0x0000000008006174       0x9a ./Drivers/STM32F4xx_HAL_Driver/stm32f4xx_hal_uart.o
 .text.UART_DMATxHalfCplt
                0x000000000800620e       0x1c ./Drivers/STM32F4xx_HAL_Driver/stm32f4xx_hal_uart.o
 .text.UART_DMAError
                0x000000000800622a       0x94 ./Drivers/STM32F4xx_HAL_Driver/stm32f4xx_hal_uart.o
 .text.UART_WaitOnFlagUntilTimeout
                0x00000000080062be       0xdc ./Drivers/STM32F4xx_HAL_Driver/stm32f4xx_hal_uart.o
 .text.UART_Start_Receive_IT
                0x000000000800639a       0x7c ./Drivers/STM32F4xx_HAL_Driver/stm32f4xx_hal_uart.o
                0x000000000800639a                UART_Start_Receive_IT
 .text.UART_EndTxTransfer
                0x0000000008006416       0x50 ./Drivers/STM32F4xx_HAL_Driver/stm32f4xx_hal_uart.o
 .text.UART_EndRxTransfer
                0x0000000008006466       0xc6 ./Drivers/STM32F4xx_HAL_Driver/stm32f4xx_hal_uart.o
 .text.UART_DMAAbortOnError
                0x000000000800652c       0x28 ./Drivers/STM32F4xx_HAL_Driver/stm32f4xx_hal_uart.o
 .text.UART_DMATxAbortCallback
                0x0000000008006554       0x60 ./Drivers/STM32F4xx_HAL_Driver/stm32f4xx_hal_uart.o
 .text.UART_DMARxAbortCallback
                0x00000000080065b4       0x60 ./Drivers/STM32F4xx_HAL_Driver/stm32f4xx_hal_uart.o
 .text.UART_Transmit_IT
                0x0000000008006614       0xa0 ./Drivers/STM32F4xx_HAL_Driver/stm32f4xx_hal_uart.o
 .text.UART_EndTransmit_IT
                0x00000000080066b4       0x30 ./Drivers/STM32F4xx_HAL_Driver/stm32f4xx_hal_uart.o
 .text.UART_Receive_IT
                0x00000000080066e4      0x176 ./Drivers/STM32F4xx_HAL_Driver/stm32f4xx_hal_uart.o
 *fill*         0x000000000800685a        0x2 
 .text.UART_SetConfig
                0x000000000800685c      0x4e8 ./Drivers/STM32F4xx_HAL_Driver/stm32f4xx_hal_uart.o
 .text.__libc_init_array
                0x0000000008006d44       0x48 c:/st/stm32cubeide_1.12.1/stm32cubeide/plugins/com.st.stm32cube.ide.mcu.externaltools.gnu-tools-for-stm32.10.3-2021.10.win32_1.0.200.202301161003/tools/bin/../lib/gcc/arm-none-eabi/10.3.1/../../../../arm-none-eabi/lib/thumb/v7e-m+fp/hard\libc_nano.a(lib_a-init.o)
                0x0000000008006d44                __libc_init_array
 .text.memset   0x0000000008006d8c       0x10 c:/st/stm32cubeide_1.12.1/stm32cubeide/plugins/com.st.stm32cube.ide.mcu.externaltools.gnu-tools-for-stm32.10.3-2021.10.win32_1.0.200.202301161003/tools/bin/../lib/gcc/arm-none-eabi/10.3.1/../../../../arm-none-eabi/lib/thumb/v7e-m+fp/hard\libc_nano.a(lib_a-memset.o)
                0x0000000008006d8c                memset
 *(.glue_7)
 .glue_7        0x0000000008006d9c        0x0 linker stubs
 *(.glue_7t)
 .glue_7t       0x0000000008006d9c        0x0 linker stubs
 *(.eh_frame)
 .eh_frame      0x0000000008006d9c        0x0 c:/st/stm32cubeide_1.12.1/stm32cubeide/plugins/com.st.stm32cube.ide.mcu.externaltools.gnu-tools-for-stm32.10.3-2021.10.win32_1.0.200.202301161003/tools/bin/../lib/gcc/arm-none-eabi/10.3.1/thumb/v7e-m+fp/hard/crtbegin.o
 *(.init)
 .init          0x0000000008006d9c        0x4 c:/st/stm32cubeide_1.12.1/stm32cubeide/plugins/com.st.stm32cube.ide.mcu.externaltools.gnu-tools-for-stm32.10.3-2021.10.win32_1.0.200.202301161003/tools/bin/../lib/gcc/arm-none-eabi/10.3.1/thumb/v7e-m+fp/hard/crti.o
                0x0000000008006d9c                _init
 .init          0x0000000008006da0        0x8 c:/st/stm32cubeide_1.12.1/stm32cubeide/plugins/com.st.stm32cube.ide.mcu.externaltools.gnu-tools-for-stm32.10.3-2021.10.win32_1.0.200.202301161003/tools/bin/../lib/gcc/arm-none-eabi/10.3.1/thumb/v7e-m+fp/hard/crtn.o
 *(.fini)
 .fini          0x0000000008006da8        0x4 c:/st/stm32cubeide_1.12.1/stm32cubeide/plugins/com.st.stm32cube.ide.mcu.externaltools.gnu-tools-for-stm32.10.3-2021.10.win32_1.0.200.202301161003/tools/bin/../lib/gcc/arm-none-eabi/10.3.1/thumb/v7e-m+fp/hard/crti.o
                0x0000000008006da8                _fini
 .fini          0x0000000008006dac        0x8 c:/st/stm32cubeide_1.12.1/stm32cubeide/plugins/com.st.stm32cube.ide.mcu.externaltools.gnu-tools-for-stm32.10.3-2021.10.win32_1.0.200.202301161003/tools/bin/../lib/gcc/arm-none-eabi/10.3.1/thumb/v7e-m+fp/hard/crtn.o
                0x0000000008006db4                . = ALIGN (0x4)
                0x0000000008006db4                _etext = .

.vfp11_veneer   0x0000000008006db4        0x0
 .vfp11_veneer  0x0000000008006db4        0x0 linker stubs

.v4_bx          0x0000000008006db4        0x0
 .v4_bx         0x0000000008006db4        0x0 linker stubs

.iplt           0x0000000008006db4        0x0
 .iplt          0x0000000008006db4        0x0 c:/st/stm32cubeide_1.12.1/stm32cubeide/plugins/com.st.stm32cube.ide.mcu.externaltools.gnu-tools-for-stm32.10.3-2021.10.win32_1.0.200.202301161003/tools/bin/../lib/gcc/arm-none-eabi/10.3.1/thumb/v7e-m+fp/hard/crtbegin.o

.rodata         0x0000000008006db4       0x2c
                0x0000000008006db4                . = ALIGN (0x4)
 *(.rodata)
 .rodata        0x0000000008006db4        0xb ./Core/Src/main.o
 *(.rodata*)
 *fill*         0x0000000008006dbf        0x1 
 .rodata.AHBPrescTable
                0x0000000008006dc0       0x10 ./Core/Src/system_stm32f4xx.o
                0x0000000008006dc0                AHBPrescTable
 .rodata.APBPrescTable
                0x0000000008006dd0        0x8 ./Core/Src/system_stm32f4xx.o
                0x0000000008006dd0                APBPrescTable
 .rodata.flagBitshiftOffset.0
                0x0000000008006dd8        0x8 ./Drivers/STM32F4xx_HAL_Driver/stm32f4xx_hal_dma.o
                0x0000000008006de0                . = ALIGN (0x4)

.ARM.extab      0x0000000008006de0        0x0
                0x0000000008006de0                . = ALIGN (0x4)
 *(.ARM.extab* .gnu.linkonce.armextab.*)
                0x0000000008006de0                . = ALIGN (0x4)

.ARM            0x0000000008006de0        0x8
                0x0000000008006de0                . = ALIGN (0x4)
                0x0000000008006de0                __exidx_start = .
 *(.ARM.exidx*)
 .ARM.exidx     0x0000000008006de0        0x8 c:/st/stm32cubeide_1.12.1/stm32cubeide/plugins/com.st.stm32cube.ide.mcu.externaltools.gnu-tools-for-stm32.10.3-2021.10.win32_1.0.200.202301161003/tools/bin/../lib/gcc/arm-none-eabi/10.3.1/thumb/v7e-m+fp/hard\libgcc.a(_udivmoddi4.o)
                0x0000000008006de8                __exidx_end = .
                0x0000000008006de8                . = ALIGN (0x4)

.rel.dyn        0x0000000008006de8        0x0
 .rel.iplt      0x0000000008006de8        0x0 c:/st/stm32cubeide_1.12.1/stm32cubeide/plugins/com.st.stm32cube.ide.mcu.externaltools.gnu-tools-for-stm32.10.3-2021.10.win32_1.0.200.202301161003/tools/bin/../lib/gcc/arm-none-eabi/10.3.1/thumb/v7e-m+fp/hard/crtbegin.o

.preinit_array  0x0000000008006de8        0x0
                0x0000000008006de8                . = ALIGN (0x4)
                0x0000000008006de8                PROVIDE (__preinit_array_start = .)
 *(.preinit_array*)
                0x0000000008006de8                PROVIDE (__preinit_array_end = .)
                0x0000000008006de8                . = ALIGN (0x4)

.init_array     0x0000000008006de8        0x4
                0x0000000008006de8                . = ALIGN (0x4)
                0x0000000008006de8                PROVIDE (__init_array_start = .)
 *(SORT_BY_NAME(.init_array.*))
 *(.init_array*)
 .init_array    0x0000000008006de8        0x4 c:/st/stm32cubeide_1.12.1/stm32cubeide/plugins/com.st.stm32cube.ide.mcu.externaltools.gnu-tools-for-stm32.10.3-2021.10.win32_1.0.200.202301161003/tools/bin/../lib/gcc/arm-none-eabi/10.3.1/thumb/v7e-m+fp/hard/crtbegin.o
                0x0000000008006dec                PROVIDE (__init_array_end = .)
                0x0000000008006dec                . = ALIGN (0x4)

.fini_array     0x0000000008006dec        0x4
                0x0000000008006dec                . = ALIGN (0x4)
                [!provide]                        PROVIDE (__fini_array_start = .)
 *(SORT_BY_NAME(.fini_array.*))
 *(.fini_array*)
 .fini_array    0x0000000008006dec        0x4 c:/st/stm32cubeide_1.12.1/stm32cubeide/plugins/com.st.stm32cube.ide.mcu.externaltools.gnu-tools-for-stm32.10.3-2021.10.win32_1.0.200.202301161003/tools/bin/../lib/gcc/arm-none-eabi/10.3.1/thumb/v7e-m+fp/hard/crtbegin.o
                [!provide]                        PROVIDE (__fini_array_end = .)
                0x0000000008006df0                . = ALIGN (0x4)
                0x0000000008006df0                _sidata = LOADADDR (.data)

.data           0x0000000020000000        0xc load address 0x0000000008006df0
                0x0000000020000000                . = ALIGN (0x4)
                0x0000000020000000                _sdata = .
 *(.data)
 *(.data*)
 .data.SystemCoreClock
                0x0000000020000000        0x4 ./Core/Src/system_stm32f4xx.o
                0x0000000020000000                SystemCoreClock
 .data.uwTickPrio
                0x0000000020000004        0x4 ./Drivers/STM32F4xx_HAL_Driver/stm32f4xx_hal.o
                0x0000000020000004                uwTickPrio
 .data.uwTickFreq
                0x0000000020000008        0x1 ./Drivers/STM32F4xx_HAL_Driver/stm32f4xx_hal.o
                0x0000000020000008                uwTickFreq
 *(.RamFunc)
 *(.RamFunc*)
                0x000000002000000c                . = ALIGN (0x4)
 *fill*         0x0000000020000009        0x3 
                0x000000002000000c                _edata = .

.igot.plt       0x000000002000000c        0x0 load address 0x0000000008006dfc
 .igot.plt      0x000000002000000c        0x0 c:/st/stm32cubeide_1.12.1/stm32cubeide/plugins/com.st.stm32cube.ide.mcu.externaltools.gnu-tools-for-stm32.10.3-2021.10.win32_1.0.200.202301161003/tools/bin/../lib/gcc/arm-none-eabi/10.3.1/thumb/v7e-m+fp/hard/crtbegin.o
                0x000000002000000c                . = ALIGN (0x4)

.bss            0x000000002000000c      0x398 load address 0x0000000008006dfc
                0x000000002000000c                _sbss = .
                0x000000002000000c                __bss_start__ = _sbss
 *(.bss)
 .bss           0x000000002000000c       0x1c c:/st/stm32cubeide_1.12.1/stm32cubeide/plugins/com.st.stm32cube.ide.mcu.externaltools.gnu-tools-for-stm32.10.3-2021.10.win32_1.0.200.202301161003/tools/bin/../lib/gcc/arm-none-eabi/10.3.1/thumb/v7e-m+fp/hard/crtbegin.o
 *(.bss*)
 .bss.hadc1     0x0000000020000028       0x48 ./Core/Src/adc.o
                0x0000000020000028                hadc1
 .bss.hdma_adc1
                0x0000000020000070       0x60 ./Core/Src/adc.o
                0x0000000020000070                hdma_adc1
 .bss.bluetooth_RX1_buffer
                0x00000000200000d0       0x64 ./Core/Src/bluetooth_module.o
                0x00000000200000d0                bluetooth_RX1_buffer
 .bss.hcrc      0x0000000020000134        0x8 ./Core/Src/crc.o
                0x0000000020000134                hcrc
 .bss.hi2c1     0x000000002000013c       0x54 ./Core/Src/i2c.o
                0x000000002000013c                hi2c1
 .bss.hdma_i2c1_rx
                0x0000000020000190       0x60 ./Core/Src/i2c.o
                0x0000000020000190                hdma_i2c1_rx
 .bss.hrtc      0x00000000200001f0       0x20 ./Core/Src/rtc.o
                0x00000000200001f0                hrtc
 .bss.htim2     0x0000000020000210       0x48 ./Core/Src/tim.o
                0x0000000020000210                htim2
 .bss.huart1    0x0000000020000258       0x44 ./Core/Src/usart.o
                0x0000000020000258                huart1
 .bss.huart2    0x000000002000029c       0x44 ./Core/Src/usart.o
                0x000000002000029c                huart2
 .bss.hdma_usart1_tx
                0x00000000200002e0       0x60 ./Core/Src/usart.o
                0x00000000200002e0                hdma_usart1_tx
 .bss.hdma_usart2_tx
                0x0000000020000340       0x60 ./Core/Src/usart.o
                0x0000000020000340                hdma_usart2_tx
 .bss.uwTick    0x00000000200003a0        0x4 ./Drivers/STM32F4xx_HAL_Driver/stm32f4xx_hal.o
                0x00000000200003a0                uwTick
 *(COMMON)
                0x00000000200003a4                . = ALIGN (0x4)
                0x00000000200003a4                _ebss = .
                0x00000000200003a4                __bss_end__ = _ebss

._user_heap_stack
                0x00000000200003a4      0x604 load address 0x0000000008006dfc
                0x00000000200003a8                . = ALIGN (0x8)
 *fill*         0x00000000200003a4        0x4 
                [!provide]                        PROVIDE (end = .)
                0x00000000200003a8                PROVIDE (_end = .)
                0x00000000200005a8                . = (. + _Min_Heap_Size)
 *fill*         0x00000000200003a8      0x200 
                0x00000000200009a8                . = (. + _Min_Stack_Size)
 *fill*         0x00000000200005a8      0x400 
                0x00000000200009a8                . = ALIGN (0x8)

/DISCARD/
 libc.a(*)
 libm.a(*)
 libgcc.a(*)

.ARM.attributes
                0x0000000000000000       0x30
 *(.ARM.attributes)
 .ARM.attributes
                0x0000000000000000       0x1e c:/st/stm32cubeide_1.12.1/stm32cubeide/plugins/com.st.stm32cube.ide.mcu.externaltools.gnu-tools-for-stm32.10.3-2021.10.win32_1.0.200.202301161003/tools/bin/../lib/gcc/arm-none-eabi/10.3.1/thumb/v7e-m+fp/hard/crti.o
 .ARM.attributes
                0x000000000000001e       0x34 c:/st/stm32cubeide_1.12.1/stm32cubeide/plugins/com.st.stm32cube.ide.mcu.externaltools.gnu-tools-for-stm32.10.3-2021.10.win32_1.0.200.202301161003/tools/bin/../lib/gcc/arm-none-eabi/10.3.1/thumb/v7e-m+fp/hard/crtbegin.o
 .ARM.attributes
                0x0000000000000052       0x34 ./Core/Src/adc.o
 .ARM.attributes
                0x0000000000000086       0x34 ./Core/Src/bluetooth_module.o
 .ARM.attributes
                0x00000000000000ba       0x34 ./Core/Src/crc.o
 .ARM.attributes
                0x00000000000000ee       0x34 ./Core/Src/dma.o
 .ARM.attributes
                0x0000000000000122       0x34 ./Core/Src/gpio.o
 .ARM.attributes
                0x0000000000000156       0x34 ./Core/Src/i2c.o
 .ARM.attributes
                0x000000000000018a       0x34 ./Core/Src/main.o
 .ARM.attributes
                0x00000000000001be       0x34 ./Core/Src/rtc.o
 .ARM.attributes
                0x00000000000001f2       0x34 ./Core/Src/stm32f4xx_hal_msp.o
 .ARM.attributes
                0x0000000000000226       0x34 ./Core/Src/stm32f4xx_it.o
 .ARM.attributes
                0x000000000000025a       0x34 ./Core/Src/system_stm32f4xx.o
 .ARM.attributes
                0x000000000000028e       0x34 ./Core/Src/tim.o
 .ARM.attributes
                0x00000000000002c2       0x34 ./Core/Src/usart.o
 .ARM.attributes
                0x00000000000002f6       0x21 ./Core/Startup/startup_stm32f411retx.o
 .ARM.attributes
                0x0000000000000317       0x34 ./Drivers/STM32F4xx_HAL_Driver/stm32f4xx_hal.o
 .ARM.attributes
                0x000000000000034b       0x34 ./Drivers/STM32F4xx_HAL_Driver/stm32f4xx_hal_adc.o
 .ARM.attributes
                0x000000000000037f       0x34 ./Drivers/STM32F4xx_HAL_Driver/stm32f4xx_hal_cortex.o
 .ARM.attributes
                0x00000000000003b3       0x34 ./Drivers/STM32F4xx_HAL_Driver/stm32f4xx_hal_crc.o
 .ARM.attributes
                0x00000000000003e7       0x34 ./Drivers/STM32F4xx_HAL_Driver/stm32f4xx_hal_dma.o
 .ARM.attributes
                0x000000000000041b       0x34 ./Drivers/STM32F4xx_HAL_Driver/stm32f4xx_hal_gpio.o
 .ARM.attributes
                0x000000000000044f       0x34 ./Drivers/STM32F4xx_HAL_Driver/stm32f4xx_hal_i2c.o
 .ARM.attributes
                0x0000000000000483       0x34 ./Drivers/STM32F4xx_HAL_Driver/stm32f4xx_hal_rcc.o
 .ARM.attributes
                0x00000000000004b7       0x34 ./Drivers/STM32F4xx_HAL_Driver/stm32f4xx_hal_rcc_ex.o
 .ARM.attributes
                0x00000000000004eb       0x34 ./Drivers/STM32F4xx_HAL_Driver/stm32f4xx_hal_rtc.o
 .ARM.attributes
                0x000000000000051f       0x34 ./Drivers/STM32F4xx_HAL_Driver/stm32f4xx_hal_tim.o
 .ARM.attributes
                0x0000000000000553       0x34 ./Drivers/STM32F4xx_HAL_Driver/stm32f4xx_hal_tim_ex.o
 .ARM.attributes
                0x0000000000000587       0x34 ./Drivers/STM32F4xx_HAL_Driver/stm32f4xx_hal_uart.o
 .ARM.attributes
                0x00000000000005bb       0x34 c:/st/stm32cubeide_1.12.1/stm32cubeide/plugins/com.st.stm32cube.ide.mcu.externaltools.gnu-tools-for-stm32.10.3-2021.10.win32_1.0.200.202301161003/tools/bin/../lib/gcc/arm-none-eabi/10.3.1/../../../../arm-none-eabi/lib/thumb/v7e-m+fp/hard\libc_nano.a(lib_a-init.o)
 .ARM.attributes
                0x00000000000005ef       0x34 c:/st/stm32cubeide_1.12.1/stm32cubeide/plugins/com.st.stm32cube.ide.mcu.externaltools.gnu-tools-for-stm32.10.3-2021.10.win32_1.0.200.202301161003/tools/bin/../lib/gcc/arm-none-eabi/10.3.1/../../../../arm-none-eabi/lib/thumb/v7e-m+fp/hard\libc_nano.a(lib_a-memset.o)
 .ARM.attributes
                0x0000000000000623       0x1e c:/st/stm32cubeide_1.12.1/stm32cubeide/plugins/com.st.stm32cube.ide.mcu.externaltools.gnu-tools-for-stm32.10.3-2021.10.win32_1.0.200.202301161003/tools/bin/../lib/gcc/arm-none-eabi/10.3.1/thumb/v7e-m+fp/hard\libgcc.a(_aeabi_uldivmod.o)
 .ARM.attributes
                0x0000000000000641       0x34 c:/st/stm32cubeide_1.12.1/stm32cubeide/plugins/com.st.stm32cube.ide.mcu.externaltools.gnu-tools-for-stm32.10.3-2021.10.win32_1.0.200.202301161003/tools/bin/../lib/gcc/arm-none-eabi/10.3.1/thumb/v7e-m+fp/hard\libgcc.a(_udivmoddi4.o)
 .ARM.attributes
                0x0000000000000675       0x1e c:/st/stm32cubeide_1.12.1/stm32cubeide/plugins/com.st.stm32cube.ide.mcu.externaltools.gnu-tools-for-stm32.10.3-2021.10.win32_1.0.200.202301161003/tools/bin/../lib/gcc/arm-none-eabi/10.3.1/thumb/v7e-m+fp/hard\libgcc.a(_dvmd_tls.o)
 .ARM.attributes
                0x0000000000000693       0x1e c:/st/stm32cubeide_1.12.1/stm32cubeide/plugins/com.st.stm32cube.ide.mcu.externaltools.gnu-tools-for-stm32.10.3-2021.10.win32_1.0.200.202301161003/tools/bin/../lib/gcc/arm-none-eabi/10.3.1/thumb/v7e-m+fp/hard/crtn.o
OUTPUT(BT_config.elf elf32-littlearm)
LOAD linker stubs
LOAD c:/st/stm32cubeide_1.12.1/stm32cubeide/plugins/com.st.stm32cube.ide.mcu.externaltools.gnu-tools-for-stm32.10.3-2021.10.win32_1.0.200.202301161003/tools/bin/../lib/gcc/arm-none-eabi/10.3.1/../../../../arm-none-eabi/lib/thumb/v7e-m+fp/hard\libc.a
LOAD c:/st/stm32cubeide_1.12.1/stm32cubeide/plugins/com.st.stm32cube.ide.mcu.externaltools.gnu-tools-for-stm32.10.3-2021.10.win32_1.0.200.202301161003/tools/bin/../lib/gcc/arm-none-eabi/10.3.1/../../../../arm-none-eabi/lib/thumb/v7e-m+fp/hard\libm.a
LOAD c:/st/stm32cubeide_1.12.1/stm32cubeide/plugins/com.st.stm32cube.ide.mcu.externaltools.gnu-tools-for-stm32.10.3-2021.10.win32_1.0.200.202301161003/tools/bin/../lib/gcc/arm-none-eabi/10.3.1/thumb/v7e-m+fp/hard\libgcc.a

.debug_info     0x0000000000000000    0x15e8a
 .debug_info    0x0000000000000000      0xac7 ./Core/Src/adc.o
 .debug_info    0x0000000000000ac7      0xab3 ./Core/Src/bluetooth_module.o
 .debug_info    0x000000000000157a      0x4a5 ./Core/Src/crc.o
 .debug_info    0x0000000000001a1f      0x4a5 ./Core/Src/dma.o
 .debug_info    0x0000000000001ec4      0x49d ./Core/Src/gpio.o
 .debug_info    0x0000000000002361      0xc64 ./Core/Src/i2c.o
 .debug_info    0x0000000000002fc5      0xcce ./Core/Src/main.o
 .debug_info    0x0000000000003c93      0x5b3 ./Core/Src/rtc.o
 .debug_info    0x0000000000004246      0x2d4 ./Core/Src/stm32f4xx_hal_msp.o
 .debug_info    0x000000000000451a      0xd96 ./Core/Src/stm32f4xx_it.o
 .debug_info    0x00000000000052b0      0x54f ./Core/Src/system_stm32f4xx.o
 .debug_info    0x00000000000057ff      0xbee ./Core/Src/tim.o
 .debug_info    0x00000000000063ed      0xc60 ./Core/Src/usart.o
 .debug_info    0x000000000000704d       0x22 ./Core/Startup/startup_stm32f411retx.o
 .debug_info    0x000000000000706f      0x90d ./Drivers/STM32F4xx_HAL_Driver/stm32f4xx_hal.o
 .debug_info    0x000000000000797c      0xd68 ./Drivers/STM32F4xx_HAL_Driver/stm32f4xx_hal_adc.o
 .debug_info    0x00000000000086e4      0xd8b ./Drivers/STM32F4xx_HAL_Driver/stm32f4xx_hal_cortex.o
 .debug_info    0x000000000000946f      0x39f ./Drivers/STM32F4xx_HAL_Driver/stm32f4xx_hal_crc.o
 .debug_info    0x000000000000980e      0x947 ./Drivers/STM32F4xx_HAL_Driver/stm32f4xx_hal_dma.o
 .debug_info    0x000000000000a155      0x78e ./Drivers/STM32F4xx_HAL_Driver/stm32f4xx_hal_gpio.o
 .debug_info    0x000000000000a8e3     0x260f ./Drivers/STM32F4xx_HAL_Driver/stm32f4xx_hal_i2c.o
 .debug_info    0x000000000000cef2      0x98d ./Drivers/STM32F4xx_HAL_Driver/stm32f4xx_hal_rcc.o
 .debug_info    0x000000000000d87f      0x5d9 ./Drivers/STM32F4xx_HAL_Driver/stm32f4xx_hal_rcc_ex.o
 .debug_info    0x000000000000de58      0xcf0 ./Drivers/STM32F4xx_HAL_Driver/stm32f4xx_hal_rtc.o
 .debug_info    0x000000000000eb48     0x2bb6 ./Drivers/STM32F4xx_HAL_Driver/stm32f4xx_hal_tim.o
 .debug_info    0x00000000000116fe     0x15d8 ./Drivers/STM32F4xx_HAL_Driver/stm32f4xx_hal_tim_ex.o
 .debug_info    0x0000000000012cd6     0x31b4 ./Drivers/STM32F4xx_HAL_Driver/stm32f4xx_hal_uart.o

.debug_abbrev   0x0000000000000000     0x338c
 .debug_abbrev  0x0000000000000000      0x1f3 ./Core/Src/adc.o
 .debug_abbrev  0x00000000000001f3      0x267 ./Core/Src/bluetooth_module.o
 .debug_abbrev  0x000000000000045a      0x19f ./Core/Src/crc.o
 .debug_abbrev  0x00000000000005f9      0x115 ./Core/Src/dma.o
 .debug_abbrev  0x000000000000070e      0x146 ./Core/Src/gpio.o
 .debug_abbrev  0x0000000000000854      0x211 ./Core/Src/i2c.o
 .debug_abbrev  0x0000000000000a65      0x252 ./Core/Src/main.o
 .debug_abbrev  0x0000000000000cb7      0x18f ./Core/Src/rtc.o
 .debug_abbrev  0x0000000000000e46       0xd4 ./Core/Src/stm32f4xx_hal_msp.o
 .debug_abbrev  0x0000000000000f1a      0x1b6 ./Core/Src/stm32f4xx_it.o
 .debug_abbrev  0x00000000000010d0      0x116 ./Core/Src/system_stm32f4xx.o
 .debug_abbrev  0x00000000000011e6      0x1f1 ./Core/Src/tim.o
 .debug_abbrev  0x00000000000013d7      0x218 ./Core/Src/usart.o
 .debug_abbrev  0x00000000000015ef       0x12 ./Core/Startup/startup_stm32f411retx.o
 .debug_abbrev  0x0000000000001601      0x23e ./Drivers/STM32F4xx_HAL_Driver/stm32f4xx_hal.o
 .debug_abbrev  0x000000000000183f      0x204 ./Drivers/STM32F4xx_HAL_Driver/stm32f4xx_hal_adc.o
 .debug_abbrev  0x0000000000001a43      0x316 ./Drivers/STM32F4xx_HAL_Driver/stm32f4xx_hal_cortex.o
 .debug_abbrev  0x0000000000001d59      0x16f ./Drivers/STM32F4xx_HAL_Driver/stm32f4xx_hal_crc.o
 .debug_abbrev  0x0000000000001ec8      0x21b ./Drivers/STM32F4xx_HAL_Driver/stm32f4xx_hal_dma.o
 .debug_abbrev  0x00000000000020e3      0x1c4 ./Drivers/STM32F4xx_HAL_Driver/stm32f4xx_hal_gpio.o
 .debug_abbrev  0x00000000000022a7      0x2a8 ./Drivers/STM32F4xx_HAL_Driver/stm32f4xx_hal_i2c.o
 .debug_abbrev  0x000000000000254f      0x2aa ./Drivers/STM32F4xx_HAL_Driver/stm32f4xx_hal_rcc.o
 .debug_abbrev  0x00000000000027f9      0x1a8 ./Drivers/STM32F4xx_HAL_Driver/stm32f4xx_hal_rcc_ex.o
 .debug_abbrev  0x00000000000029a1      0x202 ./Drivers/STM32F4xx_HAL_Driver/stm32f4xx_hal_rtc.o
 .debug_abbrev  0x0000000000002ba3      0x26e ./Drivers/STM32F4xx_HAL_Driver/stm32f4xx_hal_tim.o
 .debug_abbrev  0x0000000000002e11      0x276 ./Drivers/STM32F4xx_HAL_Driver/stm32f4xx_hal_tim_ex.o
 .debug_abbrev  0x0000000000003087      0x305 ./Drivers/STM32F4xx_HAL_Driver/stm32f4xx_hal_uart.o

.debug_aranges  0x0000000000000000     0x12c0
 .debug_aranges
                0x0000000000000000       0x30 ./Core/Src/adc.o
 .debug_aranges
                0x0000000000000030       0x48 ./Core/Src/bluetooth_module.o
 .debug_aranges
                0x0000000000000078       0x30 ./Core/Src/crc.o
 .debug_aranges
                0x00000000000000a8       0x20 ./Core/Src/dma.o
 .debug_aranges
                0x00000000000000c8       0x20 ./Core/Src/gpio.o
 .debug_aranges
                0x00000000000000e8       0x30 ./Core/Src/i2c.o
 .debug_aranges
                0x0000000000000118       0x38 ./Core/Src/main.o
 .debug_aranges
                0x0000000000000150       0x30 ./Core/Src/rtc.o
 .debug_aranges
                0x0000000000000180       0x20 ./Core/Src/stm32f4xx_hal_msp.o
 .debug_aranges
                0x00000000000001a0       0xa8 ./Core/Src/stm32f4xx_it.o
 .debug_aranges
                0x0000000000000248       0x28 ./Core/Src/system_stm32f4xx.o
 .debug_aranges
                0x0000000000000270       0x30 ./Core/Src/tim.o
 .debug_aranges
                0x00000000000002a0       0x38 ./Core/Src/usart.o
 .debug_aranges
                0x00000000000002d8       0x28 ./Core/Startup/startup_stm32f411retx.o
 .debug_aranges
                0x0000000000000300       0xf0 ./Drivers/STM32F4xx_HAL_Driver/stm32f4xx_hal.o
 .debug_aranges
                0x00000000000003f0       0xe8 ./Drivers/STM32F4xx_HAL_Driver/stm32f4xx_hal_adc.o
 .debug_aranges
                0x00000000000004d8      0x118 ./Drivers/STM32F4xx_HAL_Driver/stm32f4xx_hal_cortex.o
 .debug_aranges
                0x00000000000005f0       0x50 ./Drivers/STM32F4xx_HAL_Driver/stm32f4xx_hal_crc.o
 .debug_aranges
                0x0000000000000640       0x90 ./Drivers/STM32F4xx_HAL_Driver/stm32f4xx_hal_dma.o
 .debug_aranges
                0x00000000000006d0       0x58 ./Drivers/STM32F4xx_HAL_Driver/stm32f4xx_hal_gpio.o
 .debug_aranges
                0x0000000000000728      0x2a0 ./Drivers/STM32F4xx_HAL_Driver/stm32f4xx_hal_i2c.o
 .debug_aranges
                0x00000000000009c8       0x88 ./Drivers/STM32F4xx_HAL_Driver/stm32f4xx_hal_rcc.o
 .debug_aranges
                0x0000000000000a50       0x50 ./Drivers/STM32F4xx_HAL_Driver/stm32f4xx_hal_rcc_ex.o
 .debug_aranges
                0x0000000000000aa0       0xe8 ./Drivers/STM32F4xx_HAL_Driver/stm32f4xx_hal_rtc.o
 .debug_aranges
                0x0000000000000b88      0x3d0 ./Drivers/STM32F4xx_HAL_Driver/stm32f4xx_hal_tim.o
 .debug_aranges
                0x0000000000000f58      0x168 ./Drivers/STM32F4xx_HAL_Driver/stm32f4xx_hal_tim_ex.o
 .debug_aranges
                0x00000000000010c0      0x200 ./Drivers/STM32F4xx_HAL_Driver/stm32f4xx_hal_uart.o

.debug_ranges   0x0000000000000000     0x1160
 .debug_ranges  0x0000000000000000       0x20 ./Core/Src/adc.o
 .debug_ranges  0x0000000000000020       0x38 ./Core/Src/bluetooth_module.o
 .debug_ranges  0x0000000000000058       0x20 ./Core/Src/crc.o
 .debug_ranges  0x0000000000000078       0x10 ./Core/Src/dma.o
 .debug_ranges  0x0000000000000088       0x10 ./Core/Src/gpio.o
 .debug_ranges  0x0000000000000098       0x20 ./Core/Src/i2c.o
 .debug_ranges  0x00000000000000b8       0x28 ./Core/Src/main.o
 .debug_ranges  0x00000000000000e0       0x20 ./Core/Src/rtc.o
 .debug_ranges  0x0000000000000100       0x10 ./Core/Src/stm32f4xx_hal_msp.o
 .debug_ranges  0x0000000000000110       0x98 ./Core/Src/stm32f4xx_it.o
 .debug_ranges  0x00000000000001a8       0x18 ./Core/Src/system_stm32f4xx.o
 .debug_ranges  0x00000000000001c0       0x20 ./Core/Src/tim.o
 .debug_ranges  0x00000000000001e0       0x28 ./Core/Src/usart.o
 .debug_ranges  0x0000000000000208       0x20 ./Core/Startup/startup_stm32f411retx.o
 .debug_ranges  0x0000000000000228       0xe0 ./Drivers/STM32F4xx_HAL_Driver/stm32f4xx_hal.o
 .debug_ranges  0x0000000000000308       0xd8 ./Drivers/STM32F4xx_HAL_Driver/stm32f4xx_hal_adc.o
 .debug_ranges  0x00000000000003e0      0x108 ./Drivers/STM32F4xx_HAL_Driver/stm32f4xx_hal_cortex.o
 .debug_ranges  0x00000000000004e8       0x40 ./Drivers/STM32F4xx_HAL_Driver/stm32f4xx_hal_crc.o
 .debug_ranges  0x0000000000000528       0x80 ./Drivers/STM32F4xx_HAL_Driver/stm32f4xx_hal_dma.o
 .debug_ranges  0x00000000000005a8       0x48 ./Drivers/STM32F4xx_HAL_Driver/stm32f4xx_hal_gpio.o
 .debug_ranges  0x00000000000005f0      0x2a8 ./Drivers/STM32F4xx_HAL_Driver/stm32f4xx_hal_i2c.o
 .debug_ranges  0x0000000000000898       0x78 ./Drivers/STM32F4xx_HAL_Driver/stm32f4xx_hal_rcc.o
 .debug_ranges  0x0000000000000910       0x40 ./Drivers/STM32F4xx_HAL_Driver/stm32f4xx_hal_rcc_ex.o
 .debug_ranges  0x0000000000000950       0xd8 ./Drivers/STM32F4xx_HAL_Driver/stm32f4xx_hal_rtc.o
 .debug_ranges  0x0000000000000a28      0x3c0 ./Drivers/STM32F4xx_HAL_Driver/stm32f4xx_hal_tim.o
 .debug_ranges  0x0000000000000de8      0x158 ./Drivers/STM32F4xx_HAL_Driver/stm32f4xx_hal_tim_ex.o
 .debug_ranges  0x0000000000000f40      0x220 ./Drivers/STM32F4xx_HAL_Driver/stm32f4xx_hal_uart.o

.debug_macro    0x0000000000000000    0x1a3b8
 .debug_macro   0x0000000000000000      0x24b ./Core/Src/adc.o
 .debug_macro   0x000000000000024b      0xa78 ./Core/Src/adc.o
 .debug_macro   0x0000000000000cc3      0x2b3 ./Core/Src/adc.o
 .debug_macro   0x0000000000000f76       0x2e ./Core/Src/adc.o
 .debug_macro   0x0000000000000fa4       0x28 ./Core/Src/adc.o
 .debug_macro   0x0000000000000fcc       0x22 ./Core/Src/adc.o
 .debug_macro   0x0000000000000fee       0x8e ./Core/Src/adc.o
 .debug_macro   0x000000000000107c       0x51 ./Core/Src/adc.o
 .debug_macro   0x00000000000010cd      0x103 ./Core/Src/adc.o
 .debug_macro   0x00000000000011d0       0x6a ./Core/Src/adc.o
 .debug_macro   0x000000000000123a      0x1df ./Core/Src/adc.o
 .debug_macro   0x0000000000001419       0x1c ./Core/Src/adc.o
 .debug_macro   0x0000000000001435       0x22 ./Core/Src/adc.o
 .debug_macro   0x0000000000001457       0xd9 ./Core/Src/adc.o
 .debug_macro   0x0000000000001530     0x102d ./Core/Src/adc.o
 .debug_macro   0x000000000000255d      0x11f ./Core/Src/adc.o
 .debug_macro   0x000000000000267c     0xb953 ./Core/Src/adc.o
 .debug_macro   0x000000000000dfcf       0x6d ./Core/Src/adc.o
 .debug_macro   0x000000000000e03c     0x367e ./Core/Src/adc.o
 .debug_macro   0x00000000000116ba      0x174 ./Core/Src/adc.o
 .debug_macro   0x000000000001182e       0x5c ./Core/Src/adc.o
 .debug_macro   0x000000000001188a      0x447 ./Core/Src/adc.o
 .debug_macro   0x0000000000011cd1      0x9fe ./Core/Src/adc.o
 .debug_macro   0x00000000000126cf      0x115 ./Core/Src/adc.o
 .debug_macro   0x00000000000127e4      0x11b ./Core/Src/adc.o
 .debug_macro   0x00000000000128ff       0xa5 ./Core/Src/adc.o
 .debug_macro   0x00000000000129a4      0x15f ./Core/Src/adc.o
 .debug_macro   0x0000000000012b03      0x287 ./Core/Src/adc.o
 .debug_macro   0x0000000000012d8a       0x5f ./Core/Src/adc.o
 .debug_macro   0x0000000000012de9      0x236 ./Core/Src/adc.o
 .debug_macro   0x000000000001301f      0x9e1 ./Core/Src/adc.o
 .debug_macro   0x0000000000013a00      0x38b ./Core/Src/adc.o
 .debug_macro   0x0000000000013d8b      0x17d ./Core/Src/adc.o
 .debug_macro   0x0000000000013f08       0xf9 ./Core/Src/adc.o
 .debug_macro   0x0000000000014001       0x22 ./Core/Src/adc.o
 .debug_macro   0x0000000000014023      0x132 ./Core/Src/adc.o
 .debug_macro   0x0000000000014155      0x264 ./Core/Src/adc.o
 .debug_macro   0x00000000000143b9       0x2e ./Core/Src/adc.o
 .debug_macro   0x00000000000143e7      0x1b5 ./Core/Src/adc.o
 .debug_macro   0x000000000001459c       0x22 ./Core/Src/adc.o
 .debug_macro   0x00000000000145be       0xd6 ./Core/Src/adc.o
 .debug_macro   0x0000000000014694      0x11a ./Core/Src/adc.o
 .debug_macro   0x00000000000147ae       0x85 ./Core/Src/adc.o
 .debug_macro   0x0000000000014833       0x89 ./Core/Src/adc.o
 .debug_macro   0x00000000000148bc      0x2fe ./Core/Src/adc.o
 .debug_macro   0x0000000000014bba      0x430 ./Core/Src/adc.o
 .debug_macro   0x0000000000014fea       0xe4 ./Core/Src/adc.o
 .debug_macro   0x00000000000150ce      0x8e6 ./Core/Src/adc.o
 .debug_macro   0x00000000000159b4       0x47 ./Core/Src/adc.o
 .debug_macro   0x00000000000159fb      0x295 ./Core/Src/adc.o
 .debug_macro   0x0000000000015c90      0x126 ./Core/Src/adc.o
 .debug_macro   0x0000000000015db6       0x1c ./Core/Src/adc.o
 .debug_macro   0x0000000000015dd2      0x3fd ./Core/Src/bluetooth_module.o
 .debug_macro   0x00000000000161cf       0x22 ./Core/Src/bluetooth_module.o
 .debug_macro   0x00000000000161f1       0x52 ./Core/Src/bluetooth_module.o
 .debug_macro   0x0000000000016243       0x1e ./Core/Src/bluetooth_module.o
 .debug_macro   0x0000000000016261       0x3c ./Core/Src/bluetooth_module.o
 .debug_macro   0x000000000001629d       0x34 ./Core/Src/bluetooth_module.o
 .debug_macro   0x00000000000162d1       0x16 ./Core/Src/bluetooth_module.o
 .debug_macro   0x00000000000162e7       0x43 ./Core/Src/bluetooth_module.o
 .debug_macro   0x000000000001632a       0x34 ./Core/Src/bluetooth_module.o
 .debug_macro   0x000000000001635e       0x10 ./Core/Src/bluetooth_module.o
 .debug_macro   0x000000000001636e       0x58 ./Core/Src/bluetooth_module.o
 .debug_macro   0x00000000000163c6       0x71 ./Core/Src/bluetooth_module.o
 .debug_macro   0x0000000000016437       0x1c ./Core/Src/bluetooth_module.o
 .debug_macro   0x0000000000016453      0x12a ./Core/Src/bluetooth_module.o
 .debug_macro   0x000000000001657d      0x341 ./Core/Src/bluetooth_module.o
 .debug_macro   0x00000000000168be       0x10 ./Core/Src/bluetooth_module.o
 .debug_macro   0x00000000000168ce       0x35 ./Core/Src/bluetooth_module.o
 .debug_macro   0x0000000000016903       0x20 ./Core/Src/bluetooth_module.o
 .debug_macro   0x0000000000016923       0x1c ./Core/Src/bluetooth_module.o
 .debug_macro   0x000000000001693f       0x10 ./Core/Src/bluetooth_module.o
 .debug_macro   0x000000000001694f       0x10 ./Core/Src/bluetooth_module.o
 .debug_macro   0x000000000001695f       0x1c ./Core/Src/bluetooth_module.o
 .debug_macro   0x000000000001697b       0x52 ./Core/Src/bluetooth_module.o
 .debug_macro   0x00000000000169cd       0x22 ./Core/Src/bluetooth_module.o
 .debug_macro   0x00000000000169ef       0x10 ./Core/Src/bluetooth_module.o
 .debug_macro   0x00000000000169ff       0x52 ./Core/Src/bluetooth_module.o
 .debug_macro   0x0000000000016a51       0xd5 ./Core/Src/bluetooth_module.o
 .debug_macro   0x0000000000016b26       0x1c ./Core/Src/bluetooth_module.o
 .debug_macro   0x0000000000016b42       0x3d ./Core/Src/bluetooth_module.o
 .debug_macro   0x0000000000016b7f       0x16 ./Core/Src/bluetooth_module.o
 .debug_macro   0x0000000000016b95      0x145 ./Core/Src/bluetooth_module.o
 .debug_macro   0x0000000000016cda      0x24b ./Core/Src/crc.o
 .debug_macro   0x0000000000016f25      0x24b ./Core/Src/dma.o
 .debug_macro   0x0000000000017170      0x24b ./Core/Src/gpio.o
 .debug_macro   0x00000000000173bb      0x24b ./Core/Src/i2c.o
 .debug_macro   0x0000000000017606      0x2ae ./Core/Src/main.o
 .debug_macro   0x00000000000178b4      0x24b ./Core/Src/rtc.o
 .debug_macro   0x0000000000017aff      0x241 ./Core/Src/stm32f4xx_hal_msp.o
 .debug_macro   0x0000000000017d40      0x24b ./Core/Src/stm32f4xx_it.o
 .debug_macro   0x0000000000017f8b      0x232 ./Core/Src/system_stm32f4xx.o
 .debug_macro   0x00000000000181bd      0x24b ./Core/Src/tim.o
 .debug_macro   0x0000000000018408      0x24b ./Core/Src/usart.o
 .debug_macro   0x0000000000018653      0x292 ./Drivers/STM32F4xx_HAL_Driver/stm32f4xx_hal.o
 .debug_macro   0x00000000000188e5      0x233 ./Drivers/STM32F4xx_HAL_Driver/stm32f4xx_hal_adc.o
 .debug_macro   0x0000000000018b18      0x232 ./Drivers/STM32F4xx_HAL_Driver/stm32f4xx_hal_cortex.o
 .debug_macro   0x0000000000018d4a      0x232 ./Drivers/STM32F4xx_HAL_Driver/stm32f4xx_hal_crc.o
 .debug_macro   0x0000000000018f7c      0x238 ./Drivers/STM32F4xx_HAL_Driver/stm32f4xx_hal_dma.o
 .debug_macro   0x00000000000191b4      0x238 ./Drivers/STM32F4xx_HAL_Driver/stm32f4xx_hal_gpio.o
 .debug_macro   0x00000000000193ec      0x279 ./Drivers/STM32F4xx_HAL_Driver/stm32f4xx_hal_i2c.o
 .debug_macro   0x0000000000019665      0x256 ./Drivers/STM32F4xx_HAL_Driver/stm32f4xx_hal_rcc.o
 .debug_macro   0x00000000000198bb      0x232 ./Drivers/STM32F4xx_HAL_Driver/stm32f4xx_hal_rcc_ex.o
 .debug_macro   0x0000000000019aed      0x233 ./Drivers/STM32F4xx_HAL_Driver/stm32f4xx_hal_rtc.o
 .debug_macro   0x0000000000019d20      0x233 ./Drivers/STM32F4xx_HAL_Driver/stm32f4xx_hal_tim.o
 .debug_macro   0x0000000000019f53      0x232 ./Drivers/STM32F4xx_HAL_Driver/stm32f4xx_hal_tim_ex.o
 .debug_macro   0x000000000001a185      0x233 ./Drivers/STM32F4xx_HAL_Driver/stm32f4xx_hal_uart.o

.debug_line     0x0000000000000000    0x1b364
 .debug_line    0x0000000000000000      0x971 ./Core/Src/adc.o
 .debug_line    0x0000000000000971      0xbd9 ./Core/Src/bluetooth_module.o
 .debug_line    0x000000000000154a      0x8a7 ./Core/Src/crc.o
 .debug_line    0x0000000000001df1      0x86e ./Core/Src/dma.o
 .debug_line    0x000000000000265f      0x889 ./Core/Src/gpio.o
 .debug_line    0x0000000000002ee8      0x902 ./Core/Src/i2c.o
 .debug_line    0x00000000000037ea      0x971 ./Core/Src/main.o
 .debug_line    0x000000000000415b      0x8cd ./Core/Src/rtc.o
 .debug_line    0x0000000000004a28      0x86b ./Core/Src/stm32f4xx_hal_msp.o
 .debug_line    0x0000000000005293      0xa06 ./Core/Src/stm32f4xx_it.o
 .debug_line    0x0000000000005c99      0x8ed ./Core/Src/system_stm32f4xx.o
 .debug_line    0x0000000000006586      0x8d9 ./Core/Src/tim.o
 .debug_line    0x0000000000006e5f      0x991 ./Core/Src/usart.o
 .debug_line    0x00000000000077f0       0x88 ./Core/Startup/startup_stm32f411retx.o
 .debug_line    0x0000000000007878      0xb8d ./Drivers/STM32F4xx_HAL_Driver/stm32f4xx_hal.o
 .debug_line    0x0000000000008405     0x133d ./Drivers/STM32F4xx_HAL_Driver/stm32f4xx_hal_adc.o
 .debug_line    0x0000000000009742      0xe3c ./Drivers/STM32F4xx_HAL_Driver/stm32f4xx_hal_cortex.o
 .debug_line    0x000000000000a57e      0x9ec ./Drivers/STM32F4xx_HAL_Driver/stm32f4xx_hal_crc.o
 .debug_line    0x000000000000af6a     0x10f1 ./Drivers/STM32F4xx_HAL_Driver/stm32f4xx_hal_dma.o
 .debug_line    0x000000000000c05b      0xcc5 ./Drivers/STM32F4xx_HAL_Driver/stm32f4xx_hal_gpio.o
 .debug_line    0x000000000000cd20     0x3b42 ./Drivers/STM32F4xx_HAL_Driver/stm32f4xx_hal_i2c.o
 .debug_line    0x0000000000010862      0xf07 ./Drivers/STM32F4xx_HAL_Driver/stm32f4xx_hal_rcc.o
 .debug_line    0x0000000000011769      0xbe7 ./Drivers/STM32F4xx_HAL_Driver/stm32f4xx_hal_rcc_ex.o
 .debug_line    0x0000000000012350     0x1262 ./Drivers/STM32F4xx_HAL_Driver/stm32f4xx_hal_rtc.o
 .debug_line    0x00000000000135b2     0x365b ./Drivers/STM32F4xx_HAL_Driver/stm32f4xx_hal_tim.o
 .debug_line    0x0000000000016c0d     0x1b25 ./Drivers/STM32F4xx_HAL_Driver/stm32f4xx_hal_tim_ex.o
 .debug_line    0x0000000000018732     0x2c32 ./Drivers/STM32F4xx_HAL_Driver/stm32f4xx_hal_uart.o

.debug_str      0x0000000000000000    0xa2a42
 .debug_str     0x0000000000000000    0x99803 ./Core/Src/adc.o
                                      0x99b0f (size before relaxing)
 .debug_str     0x0000000000099803     0x4255 ./Core/Src/bluetooth_module.o
                                      0x9d9e0 (size before relaxing)
 .debug_str     0x000000000009da58       0xff ./Core/Src/crc.o
                                      0x99727 (size before relaxing)
 .debug_str     0x000000000009db57      0x3e7 ./Core/Src/dma.o
                                      0x99971 (size before relaxing)
 .debug_str     0x000000000009df3e       0x2c ./Core/Src/gpio.o
                                      0x99677 (size before relaxing)
 .debug_str     0x000000000009df6a      0x2e1 ./Core/Src/i2c.o
                                      0x99fb0 (size before relaxing)
 .debug_str     0x000000000009e24b      0x1e5 ./Core/Src/main.o
                                      0x9a0fc (size before relaxing)
 .debug_str     0x000000000009e430      0x2be ./Core/Src/rtc.o
                                      0x997f9 (size before relaxing)
 .debug_str     0x000000000009e6ee       0x2c ./Core/Src/stm32f4xx_hal_msp.o
                                      0x995ac (size before relaxing)
 .debug_str     0x000000000009e71a      0x476 ./Core/Src/stm32f4xx_it.o
                                      0x9a035 (size before relaxing)
 .debug_str     0x000000000009eb90       0xdb ./Core/Src/system_stm32f4xx.o
                                      0x995fa (size before relaxing)
 .debug_str     0x000000000009ec6b      0x12d ./Core/Src/tim.o
                                      0x9a029 (size before relaxing)
 .debug_str     0x000000000009ed98       0x51 ./Core/Src/usart.o
                                      0x99f3d (size before relaxing)
 .debug_str     0x000000000009ede9       0x36 ./Core/Startup/startup_stm32f411retx.o
                                         0x7c (size before relaxing)
 .debug_str     0x000000000009ee1f      0x647 ./Drivers/STM32F4xx_HAL_Driver/stm32f4xx_hal.o
                                      0x9a060 (size before relaxing)
 .debug_str     0x000000000009f466      0x30a ./Drivers/STM32F4xx_HAL_Driver/stm32f4xx_hal_adc.o
                                      0x99c0f (size before relaxing)
 .debug_str     0x000000000009f770      0x35b ./Drivers/STM32F4xx_HAL_Driver/stm32f4xx_hal_cortex.o
                                      0x99d81 (size before relaxing)
 .debug_str     0x000000000009facb       0xd7 ./Drivers/STM32F4xx_HAL_Driver/stm32f4xx_hal_crc.o
                                      0x99650 (size before relaxing)
 .debug_str     0x000000000009fba2      0x30f ./Drivers/STM32F4xx_HAL_Driver/stm32f4xx_hal_dma.o
                                      0x99a3c (size before relaxing)
 .debug_str     0x000000000009feb1      0x156 ./Drivers/STM32F4xx_HAL_Driver/stm32f4xx_hal_gpio.o
                                      0x997af (size before relaxing)
 .debug_str     0x00000000000a0007      0xac9 ./Drivers/STM32F4xx_HAL_Driver/stm32f4xx_hal_i2c.o
                                      0x9a5f2 (size before relaxing)
 .debug_str     0x00000000000a0ad0      0x24d ./Drivers/STM32F4xx_HAL_Driver/stm32f4xx_hal_rcc.o
                                      0x99a68 (size before relaxing)
 .debug_str     0x00000000000a0d1d      0x14b ./Drivers/STM32F4xx_HAL_Driver/stm32f4xx_hal_rcc_ex.o
                                      0x997bc (size before relaxing)
 .debug_str     0x00000000000a0e68      0x36c ./Drivers/STM32F4xx_HAL_Driver/stm32f4xx_hal_rtc.o
                                      0x99a8c (size before relaxing)
 .debug_str     0x00000000000a11d4      0xe08 ./Drivers/STM32F4xx_HAL_Driver/stm32f4xx_hal_tim.o
                                      0x9a99c (size before relaxing)
 .debug_str     0x00000000000a1fdc      0x4cd ./Drivers/STM32F4xx_HAL_Driver/stm32f4xx_hal_tim_ex.o
                                      0x9a1b8 (size before relaxing)
 .debug_str     0x00000000000a24a9      0x599 ./Drivers/STM32F4xx_HAL_Driver/stm32f4xx_hal_uart.o
                                      0x99ff5 (size before relaxing)

.comment        0x0000000000000000       0x50
 .comment       0x0000000000000000       0x50 ./Core/Src/adc.o
                                         0x51 (size before relaxing)
 .comment       0x0000000000000050       0x51 ./Core/Src/bluetooth_module.o
 .comment       0x0000000000000050       0x51 ./Core/Src/crc.o
 .comment       0x0000000000000050       0x51 ./Core/Src/dma.o
 .comment       0x0000000000000050       0x51 ./Core/Src/gpio.o
 .comment       0x0000000000000050       0x51 ./Core/Src/i2c.o
 .comment       0x0000000000000050       0x51 ./Core/Src/main.o
 .comment       0x0000000000000050       0x51 ./Core/Src/rtc.o
 .comment       0x0000000000000050       0x51 ./Core/Src/stm32f4xx_hal_msp.o
 .comment       0x0000000000000050       0x51 ./Core/Src/stm32f4xx_it.o
 .comment       0x0000000000000050       0x51 ./Core/Src/system_stm32f4xx.o
 .comment       0x0000000000000050       0x51 ./Core/Src/tim.o
 .comment       0x0000000000000050       0x51 ./Core/Src/usart.o
 .comment       0x0000000000000050       0x51 ./Drivers/STM32F4xx_HAL_Driver/stm32f4xx_hal.o
 .comment       0x0000000000000050       0x51 ./Drivers/STM32F4xx_HAL_Driver/stm32f4xx_hal_adc.o
 .comment       0x0000000000000050       0x51 ./Drivers/STM32F4xx_HAL_Driver/stm32f4xx_hal_cortex.o
 .comment       0x0000000000000050       0x51 ./Drivers/STM32F4xx_HAL_Driver/stm32f4xx_hal_crc.o
 .comment       0x0000000000000050       0x51 ./Drivers/STM32F4xx_HAL_Driver/stm32f4xx_hal_dma.o
 .comment       0x0000000000000050       0x51 ./Drivers/STM32F4xx_HAL_Driver/stm32f4xx_hal_gpio.o
 .comment       0x0000000000000050       0x51 ./Drivers/STM32F4xx_HAL_Driver/stm32f4xx_hal_i2c.o
 .comment       0x0000000000000050       0x51 ./Drivers/STM32F4xx_HAL_Driver/stm32f4xx_hal_rcc.o
 .comment       0x0000000000000050       0x51 ./Drivers/STM32F4xx_HAL_Driver/stm32f4xx_hal_rcc_ex.o
 .comment       0x0000000000000050       0x51 ./Drivers/STM32F4xx_HAL_Driver/stm32f4xx_hal_rtc.o
 .comment       0x0000000000000050       0x51 ./Drivers/STM32F4xx_HAL_Driver/stm32f4xx_hal_tim.o
 .comment       0x0000000000000050       0x51 ./Drivers/STM32F4xx_HAL_Driver/stm32f4xx_hal_tim_ex.o
 .comment       0x0000000000000050       0x51 ./Drivers/STM32F4xx_HAL_Driver/stm32f4xx_hal_uart.o

.debug_frame    0x0000000000000000     0x4d28
 .debug_frame   0x0000000000000000       0x7c ./Core/Src/adc.o
 .debug_frame   0x000000000000007c       0xd0 ./Core/Src/bluetooth_module.o
 .debug_frame   0x000000000000014c       0x7c ./Core/Src/crc.o
 .debug_frame   0x00000000000001c8       0x34 ./Core/Src/dma.o
 .debug_frame   0x00000000000001fc       0x34 ./Core/Src/gpio.o
 .debug_frame   0x0000000000000230       0x74 ./Core/Src/i2c.o
 .debug_frame   0x00000000000002a4       0x84 ./Core/Src/main.o
 .debug_frame   0x0000000000000328       0x78 ./Core/Src/rtc.o
 .debug_frame   0x00000000000003a0       0x38 ./Core/Src/stm32f4xx_hal_msp.o
 .debug_frame   0x00000000000003d8      0x200 ./Core/Src/stm32f4xx_it.o
 .debug_frame   0x00000000000005d8       0x58 ./Core/Src/system_stm32f4xx.o
 .debug_frame   0x0000000000000630       0x7c ./Core/Src/tim.o
 .debug_frame   0x00000000000006ac       0x90 ./Core/Src/usart.o
 .debug_frame   0x000000000000073c      0x374 ./Drivers/STM32F4xx_HAL_Driver/stm32f4xx_hal.o
 .debug_frame   0x0000000000000ab0      0x3fc ./Drivers/STM32F4xx_HAL_Driver/stm32f4xx_hal_adc.o
 .debug_frame   0x0000000000000eac      0x498 ./Drivers/STM32F4xx_HAL_Driver/stm32f4xx_hal_cortex.o
 .debug_frame   0x0000000000001344      0x120 ./Drivers/STM32F4xx_HAL_Driver/stm32f4xx_hal_crc.o
 .debug_frame   0x0000000000001464      0x250 ./Drivers/STM32F4xx_HAL_Driver/stm32f4xx_hal_dma.o
 .debug_frame   0x00000000000016b4      0x14c ./Drivers/STM32F4xx_HAL_Driver/stm32f4xx_hal_gpio.o
 .debug_frame   0x0000000000001800      0xc5c ./Drivers/STM32F4xx_HAL_Driver/stm32f4xx_hal_i2c.o
 .debug_frame   0x000000000000245c      0x1f4 ./Drivers/STM32F4xx_HAL_Driver/stm32f4xx_hal_rcc.o
 .debug_frame   0x0000000000002650      0x118 ./Drivers/STM32F4xx_HAL_Driver/stm32f4xx_hal_rcc_ex.o
 .debug_frame   0x0000000000002768      0x3f4 ./Drivers/STM32F4xx_HAL_Driver/stm32f4xx_hal_rtc.o
 .debug_frame   0x0000000000002b5c     0x11bc ./Drivers/STM32F4xx_HAL_Driver/stm32f4xx_hal_tim.o
 .debug_frame   0x0000000000003d18      0x638 ./Drivers/STM32F4xx_HAL_Driver/stm32f4xx_hal_tim_ex.o
 .debug_frame   0x0000000000004350      0x92c ./Drivers/STM32F4xx_HAL_Driver/stm32f4xx_hal_uart.o
 .debug_frame   0x0000000000004c7c       0x2c c:/st/stm32cubeide_1.12.1/stm32cubeide/plugins/com.st.stm32cube.ide.mcu.externaltools.gnu-tools-for-stm32.10.3-2021.10.win32_1.0.200.202301161003/tools/bin/../lib/gcc/arm-none-eabi/10.3.1/../../../../arm-none-eabi/lib/thumb/v7e-m+fp/hard\libc_nano.a(lib_a-init.o)
 .debug_frame   0x0000000000004ca8       0x20 c:/st/stm32cubeide_1.12.1/stm32cubeide/plugins/com.st.stm32cube.ide.mcu.externaltools.gnu-tools-for-stm32.10.3-2021.10.win32_1.0.200.202301161003/tools/bin/../lib/gcc/arm-none-eabi/10.3.1/../../../../arm-none-eabi/lib/thumb/v7e-m+fp/hard\libc_nano.a(lib_a-memset.o)
 .debug_frame   0x0000000000004cc8       0x2c c:/st/stm32cubeide_1.12.1/stm32cubeide/plugins/com.st.stm32cube.ide.mcu.externaltools.gnu-tools-for-stm32.10.3-2021.10.win32_1.0.200.202301161003/tools/bin/../lib/gcc/arm-none-eabi/10.3.1/thumb/v7e-m+fp/hard\libgcc.a(_aeabi_uldivmod.o)
 .debug_frame   0x0000000000004cf4       0x34 c:/st/stm32cubeide_1.12.1/stm32cubeide/plugins/com.st.stm32cube.ide.mcu.externaltools.gnu-tools-for-stm32.10.3-2021.10.win32_1.0.200.202301161003/tools/bin/../lib/gcc/arm-none-eabi/10.3.1/thumb/v7e-m+fp/hard\libgcc.a(_udivmoddi4.o)
